Archive member included because of file (symbol)

c:/diasemi/smartsnippetsstudio/gcc/4_9-2015q3/bin/../lib/gcc/arm-none-eabi/4.9.3/armv6-m\libgcc.a(_thumb1_case_sqi.o)
                              ./sdk/peripherals/src/hw_uart.o (__gnu_thumb1_case_sqi)
c:/diasemi/smartsnippetsstudio/gcc/4_9-2015q3/bin/../lib/gcc/arm-none-eabi/4.9.3/../../../../arm-none-eabi/lib/armv6-m\libg_nano.a(lib_a-exit.o)
                              c:/diasemi/smartsnippetsstudio/gcc/4_9-2015q3/bin/../lib/gcc/arm-none-eabi/4.9.3/../../../../arm-none-eabi/lib/armv6-m/crt0.o (exit)
c:/diasemi/smartsnippetsstudio/gcc/4_9-2015q3/bin/../lib/gcc/arm-none-eabi/4.9.3/../../../../arm-none-eabi/lib/armv6-m\libg_nano.a(lib_a-impure.o)
                              c:/diasemi/smartsnippetsstudio/gcc/4_9-2015q3/bin/../lib/gcc/arm-none-eabi/4.9.3/../../../../arm-none-eabi/lib/armv6-m\libg_nano.a(lib_a-exit.o) (_global_impure_ptr)
c:/diasemi/smartsnippetsstudio/gcc/4_9-2015q3/bin/../lib/gcc/arm-none-eabi/4.9.3/../../../../arm-none-eabi/lib/armv6-m\libg_nano.a(lib_a-init.o)
                              c:/diasemi/smartsnippetsstudio/gcc/4_9-2015q3/bin/../lib/gcc/arm-none-eabi/4.9.3/../../../../arm-none-eabi/lib/armv6-m/crt0.o (__libc_init_array)
c:/diasemi/smartsnippetsstudio/gcc/4_9-2015q3/bin/../lib/gcc/arm-none-eabi/4.9.3/../../../../arm-none-eabi/lib/armv6-m\libg_nano.a(lib_a-malloc.o)
                              ./sdk/adapters/src/ad_nvms.o (malloc)
c:/diasemi/smartsnippetsstudio/gcc/4_9-2015q3/bin/../lib/gcc/arm-none-eabi/4.9.3/../../../../arm-none-eabi/lib/armv6-m\libg_nano.a(lib_a-memcpy.o)
                              ./src/main.o (memcpy)
c:/diasemi/smartsnippetsstudio/gcc/4_9-2015q3/bin/../lib/gcc/arm-none-eabi/4.9.3/../../../../arm-none-eabi/lib/armv6-m\libg_nano.a(lib_a-memmove.o)
                              ./sdk/adapters/src/ad_nvms_direct.o (memmove)
c:/diasemi/smartsnippetsstudio/gcc/4_9-2015q3/bin/../lib/gcc/arm-none-eabi/4.9.3/../../../../arm-none-eabi/lib/armv6-m\libg_nano.a(lib_a-memset.o)
                              c:/diasemi/smartsnippetsstudio/gcc/4_9-2015q3/bin/../lib/gcc/arm-none-eabi/4.9.3/../../../../arm-none-eabi/lib/armv6-m/crt0.o (memset)
c:/diasemi/smartsnippetsstudio/gcc/4_9-2015q3/bin/../lib/gcc/arm-none-eabi/4.9.3/../../../../arm-none-eabi/lib/armv6-m\libg_nano.a(lib_a-nano-freer.o)
                              c:/diasemi/smartsnippetsstudio/gcc/4_9-2015q3/bin/../lib/gcc/arm-none-eabi/4.9.3/../../../../arm-none-eabi/lib/armv6-m\libg_nano.a(lib_a-malloc.o) (_free_r)
c:/diasemi/smartsnippetsstudio/gcc/4_9-2015q3/bin/../lib/gcc/arm-none-eabi/4.9.3/../../../../arm-none-eabi/lib/armv6-m\libg_nano.a(lib_a-nano-mallocr.o)
                              c:/diasemi/smartsnippetsstudio/gcc/4_9-2015q3/bin/../lib/gcc/arm-none-eabi/4.9.3/../../../../arm-none-eabi/lib/armv6-m\libg_nano.a(lib_a-malloc.o) (_malloc_r)
c:/diasemi/smartsnippetsstudio/gcc/4_9-2015q3/bin/../lib/gcc/arm-none-eabi/4.9.3/../../../../arm-none-eabi/lib/armv6-m\libg_nano.a(lib_a-puts.o)
                              ./src/main.o (puts)
c:/diasemi/smartsnippetsstudio/gcc/4_9-2015q3/bin/../lib/gcc/arm-none-eabi/4.9.3/../../../../arm-none-eabi/lib/armv6-m\libg_nano.a(lib_a-sbrkr.o)
                              c:/diasemi/smartsnippetsstudio/gcc/4_9-2015q3/bin/../lib/gcc/arm-none-eabi/4.9.3/../../../../arm-none-eabi/lib/armv6-m\libg_nano.a(lib_a-nano-mallocr.o) (_sbrk_r)
c:/diasemi/smartsnippetsstudio/gcc/4_9-2015q3/bin/../lib/gcc/arm-none-eabi/4.9.3/../../../../arm-none-eabi/lib/armv6-m\libg_nano.a(lib_a-wbuf.o)
                              c:/diasemi/smartsnippetsstudio/gcc/4_9-2015q3/bin/../lib/gcc/arm-none-eabi/4.9.3/../../../../arm-none-eabi/lib/armv6-m\libg_nano.a(lib_a-puts.o) (__swbuf_r)
c:/diasemi/smartsnippetsstudio/gcc/4_9-2015q3/bin/../lib/gcc/arm-none-eabi/4.9.3/../../../../arm-none-eabi/lib/armv6-m\libg_nano.a(lib_a-wsetup.o)
                              c:/diasemi/smartsnippetsstudio/gcc/4_9-2015q3/bin/../lib/gcc/arm-none-eabi/4.9.3/../../../../arm-none-eabi/lib/armv6-m\libg_nano.a(lib_a-puts.o) (__swsetup_r)
c:/diasemi/smartsnippetsstudio/gcc/4_9-2015q3/bin/../lib/gcc/arm-none-eabi/4.9.3/../../../../arm-none-eabi/lib/armv6-m\libg_nano.a(lib_a-fflush.o)
                              c:/diasemi/smartsnippetsstudio/gcc/4_9-2015q3/bin/../lib/gcc/arm-none-eabi/4.9.3/../../../../arm-none-eabi/lib/armv6-m\libg_nano.a(lib_a-wbuf.o) (_fflush_r)
c:/diasemi/smartsnippetsstudio/gcc/4_9-2015q3/bin/../lib/gcc/arm-none-eabi/4.9.3/../../../../arm-none-eabi/lib/armv6-m\libg_nano.a(lib_a-findfp.o)
                              c:/diasemi/smartsnippetsstudio/gcc/4_9-2015q3/bin/../lib/gcc/arm-none-eabi/4.9.3/../../../../arm-none-eabi/lib/armv6-m\libg_nano.a(lib_a-puts.o) (__sinit)
c:/diasemi/smartsnippetsstudio/gcc/4_9-2015q3/bin/../lib/gcc/arm-none-eabi/4.9.3/../../../../arm-none-eabi/lib/armv6-m\libg_nano.a(lib_a-fwalk.o)
[...]
Memory Configuration

Name             Origin             Length             Attributes
ROM              0x08000000         0x00010000         xr
RetRAM0          0x07fca000         0x00006000         xrw
RetRAM1          0x00000000         0x00000000         xrw
RAM              0x07fc0100         0x00009f00         rw
*default*        0x00000000         0xffffffff

Linker script and memory map

LOAD c:/diasemi/smartsnippetsstudio/gcc/4_9-2015q3/bin/../lib/gcc/arm-none-eabi/4.9.3/armv6-m/crti.o
LOAD c:/diasemi/smartsnippetsstudio/gcc/4_9-2015q3/bin/../lib/gcc/arm-none-eabi/4.9.3/armv6-m/crtbegin.o
LOAD c:/diasemi/smartsnippetsstudio/gcc/4_9-2015q3/bin/../lib/gcc/arm-none-eabi/4.9.3/../../../../arm-none-eabi/lib/armv6-m/crt0.o
LOAD ./startup/config.o
LOAD ./startup/startup_ARMCM0.o
LOAD ./startup/system_ARMCM0.o
LOAD ./startup/vector_table.o
LOAD ./src/main.o
LOAD ./src/periph_setup.o
LOAD ./sdk/peripherals/src/hw_cpm.o
LOAD ./sdk/peripherals/src/hw_crypto.o
LOAD ./sdk/peripherals/src/hw_ecc.o
LOAD ./sdk/peripherals/src/hw_ecc_curves.o
LOAD ./sdk/peripherals/src/hw_ecc_ucode.o
LOAD ./sdk/peripherals/src/hw_fem_sky66112-11.o
LOAD ./sdk/peripherals/src/hw_gpadc.o
LOAD ./sdk/peripherals/src/hw_gpio.o
LOAD ./sdk/peripherals/src/hw_hard_fault.o
LOAD ./sdk/peripherals/src/hw_otpc.o
LOAD ./sdk/peripherals/src/hw_qspi.o
LOAD ./sdk/peripherals/src/hw_uart.o
LOAD ./sdk/peripherals/src/hw_usb.o
LOAD ./sdk/peripherals/src/hw_watchdog.o
LOAD ./sdk/peripherals/src/sys_tcs.o
LOAD ./sdk/osal/usb_osal_wrapper.o
LOAD ./sdk/memory/src/qspi_automode.o
LOAD ./sdk/adapters/src/ad_battery.o
LOAD ./sdk/adapters/src/ad_crypto.o
LOAD ./sdk/adapters/src/ad_flash.o
LOAD ./sdk/adapters/src/ad_keyboard_scanner.o
LOAD ./sdk/adapters/src/ad_nvms.o
LOAD ./sdk/adapters/src/ad_nvms_direct.o
START GROUP
LOAD c:/diasemi/smartsnippetsstudio/gcc/4_9-2015q3/bin/../lib/gcc/arm-none-eabi/4.9.3/armv6-m\libgcc.a
LOAD c:/diasemi/smartsnippetsstudio/gcc/4_9-2015q3/bin/../lib/gcc/arm-none-eabi/4.9.3/../../../../arm-none-eabi/lib/armv6-m\libg_nano.a
LOAD c:/diasemi/smartsnippetsstudio/gcc/4_9-2015q3/bin/../lib/gcc/arm-none-eabi/4.9.3/../../../../arm-none-eabi/lib/armv6-m\libc_nano.a
END GROUP
START GROUP
LOAD c:/diasemi/smartsnippetsstudio/gcc/4_9-2015q3/bin/../lib/gcc/arm-none-eabi/4.9.3/armv6-m\libgcc.a
LOAD c:/diasemi/smartsnippetsstudio/gcc/4_9-2015q3/bin/../lib/gcc/arm-none-eabi/4.9.3/../../../../arm-none-eabi/lib/armv6-m\libc_nano.a
LOAD c:/diasemi/smartsnippetsstudio/gcc/4_9-2015q3/bin/../lib/gcc/arm-none-eabi/4.9.3/../../../../arm-none-eabi/lib/armv6-m\libnosys.a
END GROUP
START GROUP
LOAD c:/diasemi/smartsnippetsstudio/gcc/4_9-2015q3/bin/../lib/gcc/arm-none-eabi/4.9.3/armv6-m\libgcc.a
LOAD c:/diasemi/smartsnippetsstudio/gcc/4_9-2015q3/bin/../lib/gcc/arm-none-eabi/4.9.3/../../../../arm-none-eabi/lib/armv6-m\libc_nano.a
LOAD c:/diasemi/smartsnippetsstudio/gcc/4_9-2015q3/bin/../lib/gcc/arm-none-eabi/4.9.3/../../../../arm-none-eabi/lib/armv6-m\libnosys.a
END GROUP
LOAD c:/diasemi/smartsnippetsstudio/gcc/4_9-2015q3/bin/../lib/gcc/arm-none-eabi/4.9.3/armv6-m/crtend.o
LOAD c:/diasemi/smartsnippetsstudio/gcc/4_9-2015q3/bin/../lib/gcc/arm-none-eabi/4.9.3/armv6-m/crtn.o

.init_text      0x08000000      0x2e0
 *(.isr_vector)
 .isr_vector    0x08000000       0xc0 ./startup/vector_table.o
                0x08000000                __isr_vector
                0x000000c0                . = 0xc0
 *(.patch_table)
 .patch_table   0x080000c0       0x40 ./startup/vector_table.o
                0x080000c0                __patch_table_start
                0x00000100                . = 0x100
 *(.patch_table_flash)
                0x00000130                . = 0x130
 *fill*         0x08000100       0x30 
 *(.default_patch_code_handler_section)
 .default_patch_code_handler_section
                0x08000130        0x4 ./startup/vector_table.o
                0x08000130                Default_Patch_Code_Handler
 *(text_reset*)
 text_reset     0x08000134       0xf0 ./startup/startup_ARMCM0.o
                0x08000134                Reset_Handler
 text_reset     0x08000224       0xbc ./startup/system_ARMCM0.o
                0x08000224                SystemInitPre

.copy.table     0x080002e0       0x20
                0x080002e0                . = ALIGN (0x4)
                0x080002e0                __copy_table_start__ = .
                0x080002e0        0x4 LONG 0x8002c80 (__etext + (__data_end__ - __data_start__))
                0x080002e4        0x4 LONG 0x7fca000 __RetRAM0_code_start__
                0x080002e8        0x4 LONG 0x870 (__RetRAM0_code_end__ - __RetRAM0_code_start__)
                0x080002ec        0x4 LONG 0x8002c70 __etext
                0x080002f0        0x4 LONG 0x7fc0100 __data_start__
                0x080002f4        0x4 LONG 0x10 (__data_end__ - __data_start__)
                0x080002f8                __copy_table_end__ = .
                0x08000300                . = ALIGN (0x10)
 *fill*         0x080002f8        0x8 

.zero.table     0x08000300       0x20
                0x08000300                . = ALIGN (0x4)
                0x08000300                __zero_table_start__ = .
                0x08000300        0x4 LONG 0x7fc0120 __bss_start__
                0x08000304        0x4 LONG 0x2060 (__bss_end__ - __bss_start__)
                0x08000308        0x4 LONG 0x7fca940 __RetRAM0_data_start
                0x0800030c        0x4 LONG 0x56c0 __RetRAM0_size
                0x08000310        0x4 LONG 0x0 __RetRAM1_start__
                0x08000314        0x4 LONG 0x0 (__RetRAM1_end__ - __RetRAM1_start__)
                0x08000318                __zero_table_end__ = .
                0x08000320                . = ALIGN (0x10)
 *fill*         0x08000318        0x8 
                0x08000320                PROVIDE (__stext, .)

.text           0x08000320     0x2948
 *(EXCLUDE_FILE(*libgcc.a:_clzsi2.o *libgcc.a:_clzdi2.o *libgcc.a:_udivdi3.o *libgcc.a:bpabi.o *libgcc.a:_dvmd_tls.o *libgcc.a:_muldi3.o *libgcc.a:_aeabi_uldivmod.o *libnosys.a:sbrk.o) .text*)
 .text          0x08000320       0x60 c:/diasemi/smartsnippetsstudio/gcc/4_9-2015q3/bin/../lib/gcc/arm-none-eabi/4.9.3/armv6-m/crtbegin.o
 .text          0x08000380       0x78 c:/diasemi/smartsnippetsstudio/gcc/4_9-2015q3/bin/../lib/gcc/arm-none-eabi/4.9.3/../../../../arm-none-eabi/lib/armv6-m/crt0.o
                0x08000380                _start
                0x08000380                _mainCRTStartup
 .text.set_interrupt_priorities
                0x080003f8       0x94 ./startup/config.o
                0x080003f8                set_interrupt_priorities
 .text          0x0800048c       0x10 ./startup/startup_ARMCM0.o
                0x0800048c                MRM_Handler
                0x0800048c                DMA_Handler
                0x0800048c                TRNG_Handler
                0x0800048c                SPI_Handler
                0x0800048c                SysTick_Handler
                0x0800048c                PendSV_Handler
                0x0800048c                RFCAL_Handler
                0x0800048c                DCDC_Handler
                0x0800048c                WKUP_GPIO_Handler
                0x0800048c                BLE_GEN_Handler
                0x0800048c                SRC_IN_Handler
                0x0800048c                QUADEC_Handler
                0x0800048c                BLE_WAKEUP_LP_Handler
                0x0800048c                USB_Handler
                0x0800048c                PCM_Handler
                0x0800048c                IRGEN_Handler
                0x0800048c                SRC_OUT_Handler
                0x0800048c                I2C_Handler
                0x0800048c                COEX_Handler
                0x0800048c                Default_Handler
                0x0800048c                SWTIM1_Handler
                0x0800048c                SPI2_Handler
                0x0800048c                I2C2_Handler
                0x0800048c                FTDF_WAKEUP_Handler
                0x0800048c                FTDF_GEN_Handler
                0x0800048c                RF_DIAG_Handler
                0x0800048c                KEYBRD_Handler
                0x0800048c                SWTIM0_Handler
                0x0800048c                RESERVED31_Handler
                0x0800048c                VBUS_Handler
                0x0800049a                SVC_Handler
 .text.hw_otpc_init
                0x0800049c       0x48 ./startup/system_ARMCM0.o
 .text._sbrk    0x080004e4       0x30 ./startup/system_ARMCM0.o
                0x080004e4                _sbrk
 .text.XTAL16RDY_Handler
                0x08000514        0xc ./startup/system_ARMCM0.o
                0x08000514                XTAL16RDY_Handler
 .text.SystemInit
                0x08000520       0x68 ./startup/system_ARMCM0.o
                0x08000520                SystemInit
 .text.SystemInitPost
                0x08000588      0x224 ./startup/system_ARMCM0.o
                0x08000588                SystemInitPost
 .text.trigger_reboot
                0x080007ac       0x18 ./src/main.o
 .text.valid_image.constprop.1
                0x080007c4       0x88 ./src/main.o
 .text._write   0x0800084c       0x14 ./src/main.o
                0x0800084c                _write
 .text.startup.main
                0x08000860      0x1d4 ./src/main.o
                0x08000860                main
 .text.periph_init
                0x08000a34       0x30 ./src/periph_setup.o
                0x08000a34                periph_init
 .text.periph_deinit
                0x08000a64       0x2c ./src/periph_setup.o
                0x08000a64                periph_deinit
 .text.hw_cpm_set_divn
                0x08000a90       0x24 ./sdk/peripherals/src/hw_cpm.o
                0x08000a90                hw_cpm_set_divn
 .text.hw_cpm_set_sysclk
                0x08000ab4       0x5c ./sdk/peripherals/src/hw_cpm.o
                0x08000ab4                hw_cpm_set_sysclk
 .text.hw_cpm_set_preferred_values
                0x08000b10       0x38 ./sdk/peripherals/src/hw_cpm.o
                0x08000b10                hw_cpm_set_preferred_values
 .text.hw_cpm_configure_bod_protection
                0x08000b48       0x44 ./sdk/peripherals/src/hw_cpm.o
                0x08000b48                hw_cpm_configure_bod_protection
 .text.CRYPTO_Handler
                0x08000b8c       0x30 ./sdk/peripherals/src/hw_crypto.o
                0x08000b8c                CRYPTO_Handler
 .text.ADC_Handler
                0x08000bbc       0x20 ./sdk/peripherals/src/hw_gpadc.o
                0x08000bbc                ADC_Handler
 .text.hw_gpio_set_pin_function
                0x08000bdc       0x14 ./sdk/peripherals/src/hw_gpio.o
                0x08000bdc                hw_gpio_set_pin_function
 .text.hw_otpc_disable
                0x08000bf0       0x6c ./sdk/peripherals/src/hw_otpc.o
                0x08000bf0                hw_otpc_disable
 .text.hw_otpc_manual_read_on
                0x08000c5c       0x48 ./sdk/peripherals/src/hw_otpc.o
                0x08000c5c                hw_otpc_manual_read_on
 .text.hw_otpc_manual_read_off
                0x08000ca4       0x44 ./sdk/peripherals/src/hw_otpc.o
                0x08000ca4                hw_otpc_manual_read_off
 .text.hw_uart_transmit_fifo_empty
                0x08000ce8        0xa ./sdk/peripherals/src/hw_uart.o
 .text.hw_uart_tx_dma_callback
                0x08000cf2       0x14 ./sdk/peripherals/src/hw_uart.o
 *fill*         0x08000d06        0x2 
 .text.hw_uart_enable_fifo
                0x08000d08       0x28 ./sdk/peripherals/src/hw_uart.o
 .text.hw_uart_rx_fifo_tr_lvl_setf
                0x08000d30       0x28 ./sdk/peripherals/src/hw_uart.o
 .text.hw_uart_tx_fifo_tr_lvl_setf
                0x08000d58       0x28 ./sdk/peripherals/src/hw_uart.o
 .text.hw_uart_enable_rx_int
                0x08000d80       0x34 ./sdk/peripherals/src/hw_uart.o
 .text.hw_uart_irq_stop_receive
                0x08000db4       0x54 ./sdk/peripherals/src/hw_uart.o
 .text.hw_uart_rx_isr
                0x08000e08       0x44 ./sdk/peripherals/src/hw_uart.o
 .text.hw_uart_rx_dma_callback
                0x08000e4c       0x40 ./sdk/peripherals/src/hw_uart.o
 .text.hw_uart_write
                0x08000e8c        0xc ./sdk/peripherals/src/hw_uart.o
                0x08000e8c                hw_uart_write
 .text.hw_uart_write_buffer
                0x08000e98       0x1e ./sdk/peripherals/src/hw_uart.o
                0x08000e98                hw_uart_write_buffer
 *fill*         0x08000eb6        0x2 
 .text.UART_Interrupt_Handler
                0x08000eb8       0xe8 ./sdk/peripherals/src/hw_uart.o
                0x08000eb8                UART_Interrupt_Handler
 .text.UART_Handler
                0x08000fa0       0x10 ./sdk/peripherals/src/hw_uart.o
                0x08000fa0                UART_Handler
 .text.UART2_Handler
                0x08000fb0       0x10 ./sdk/peripherals/src/hw_uart.o
                0x08000fb0                UART2_Handler
 .text.hw_uart_set_dma_channels_ex
                0x08000fc0      0x174 ./sdk/peripherals/src/hw_uart.o
                0x08000fc0                hw_uart_set_dma_channels_ex
 .text.hw_uart_init
                0x08001134      0x148 ./sdk/peripherals/src/hw_uart.o
                0x08001134                hw_uart_init
 .text.hw_uart_is_tx_fifo_empty
                0x0800127c        0x8 ./sdk/peripherals/src/hw_uart.o
                0x0800127c                hw_uart_is_tx_fifo_empty
 .text.sys_tcs_sort_area
                0x08001284       0x9c ./sdk/peripherals/src/sys_tcs.o
 .text.sys_tcs_init
                0x08001320       0x20 ./sdk/peripherals/src/sys_tcs.o
                0x08001320                sys_tcs_init
 .text.sys_tcs_store_pair
                0x08001340       0xf0 ./sdk/peripherals/src/sys_tcs.o
                0x08001340                sys_tcs_store_pair
 .text.sys_tcs_sort_array
                0x08001430       0xfc ./sdk/peripherals/src/sys_tcs.o
                0x08001430                sys_tcs_sort_array
 .text.sys_tcs_apply
                0x0800152c       0x38 ./sdk/peripherals/src/sys_tcs.o
                0x0800152c                sys_tcs_apply
 .text.qspi_automode_write_flash_page
                0x08001564       0xf8 ./sdk/memory/src/qspi_automode.o
                0x08001564                qspi_automode_write_flash_page
 .text.qspi_automode_erase_flash_sector
                0x0800165c       0x60 ./sdk/memory/src/qspi_automode.o
                0x0800165c                qspi_automode_erase_flash_sector
 .text.qspi_automode_read
                0x080016bc       0x18 ./sdk/memory/src/qspi_automode.o
                0x080016bc                qspi_automode_read
 .text.ad_flash_init
                0x080016d4       0x24 ./sdk/adapters/src/ad_flash.o
                0x080016d4                ad_flash_init
 .text.ad_flash_read
                0x080016f8       0x20 ./sdk/adapters/src/ad_flash.o
                0x080016f8                ad_flash_read
 .text.ad_flash_write
                0x08001718       0xf4 ./sdk/adapters/src/ad_flash.o
                0x08001718                ad_flash_write
 .text.ad_flash_erase_region
                0x0800180c       0x54 ./sdk/adapters/src/ad_flash.o
                0x0800180c                ad_flash_erase_region
 .text.ad_flash_update_possible
                0x08001860       0x4c ./sdk/adapters/src/ad_flash.o
                0x08001860                ad_flash_update_possible
 .text.add_partition_entry
                0x080018ac       0x2c ./sdk/adapters/src/ad_nvms.o
 .text.erase_needed
                0x080018d8       0x1e ./sdk/adapters/src/ad_nvms.o
                0x080018d8                erase_needed
 *fill*         0x080018f6        0x2 
 .text.ad_nvms_bind_partition_driver
                0x080018f8       0x10 ./sdk/adapters/src/ad_nvms.o
                0x080018f8                ad_nvms_bind_partition_driver
 .text.ad_nvms_bind_drivers
                0x08001908       0x1c ./sdk/adapters/src/ad_nvms.o
                0x08001908                ad_nvms_bind_drivers
 .text.ad_nvms_init
                0x08001924      0x110 ./sdk/adapters/src/ad_nvms.o
                0x08001924                ad_nvms_init
 .text.ad_nvms_open
                0x08001a34       0x1c ./sdk/adapters/src/ad_nvms.o
                0x08001a34                ad_nvms_open
 .text.ad_nvms_read
                0x08001a50       0x14 ./sdk/adapters/src/ad_nvms.o
                0x08001a50                ad_nvms_read
 .text.ad_nvms_write
                0x08001a64       0x14 ./sdk/adapters/src/ad_nvms.o
                0x08001a64                ad_nvms_write
 .text.ad_nvms_erase_region
                0x08001a78       0x18 ./sdk/adapters/src/ad_nvms.o
                0x08001a78                ad_nvms_erase_region
 .text.ad_nvms_get_pointer
                0x08001a90       0x18 ./sdk/adapters/src/ad_nvms.o
                0x08001a90                ad_nvms_get_pointer
 .text.ad_nvms_direct_get_ptr
                0x08001aa8       0x2a ./sdk/adapters/src/ad_nvms_direct.o
 .text.ad_nvms_direct_ro_write
                0x08001ad2        0x6 ./sdk/adapters/src/ad_nvms_direct.o
 .text.ad_nvms_direct_ro_erase
                0x08001ad8        0x4 ./sdk/adapters/src/ad_nvms_direct.o
 .text.ad_nvms_direct_flush
                0x08001adc        0x2 ./sdk/adapters/src/ad_nvms_direct.o
 .text.ad_nvms_direct_erase
                0x08001ade       0x1e ./sdk/adapters/src/ad_nvms_direct.o
 .text.ad_nvms_direct_read
                0x08001afc       0x26 ./sdk/adapters/src/ad_nvms_direct.o
 *fill*         0x08001b22        0x2 
 .text.ad_nvms_direct_bind
                0x08001b24       0x3c ./sdk/adapters/src/ad_nvms_direct.o
 .text.ad_nvms_direct_write
                0x08001b60      0x114 ./sdk/adapters/src/ad_nvms_direct.o
 .text.ad_nvms_direct_init
                0x08001c74        0x2 ./sdk/adapters/src/ad_nvms_direct.o
                0x08001c74                ad_nvms_direct_init
 *fill*         0x08001c76        0x2 
 .text          0x08001c78       0x14 c:/diasemi/smartsnippetsstudio/gcc/4_9-2015q3/bin/../lib/gcc/arm-none-eabi/4.9.3/armv6-m\libgcc.a(_thumb1_case_sqi.o)
                0x08001c78                __gnu_thumb1_case_sqi
 .text.exit     0x08001c8c       0x2c c:/diasemi/smartsnippetsstudio/gcc/4_9-2015q3/bin/../lib/gcc/arm-none-eabi/4.9.3/../../../../arm-none-eabi/lib/armv6-m\libg_nano.a(lib_a-exit.o)
                0x08001c8c                exit
 .text.__libc_init_array
                0x08001cb8       0x4c c:/diasemi/smartsnippetsstudio/gcc/4_9-2015q3/bin/../lib/gcc/arm-none-eabi/4.9.3/../../../../arm-none-eabi/lib/armv6-m\libg_nano.a(lib_a-init.o)
                0x08001cb8                __libc_init_array
 .text.malloc   0x08001d04       0x14 c:/diasemi/smartsnippetsstudio/gcc/4_9-2015q3/bin/../lib/gcc/arm-none-eabi/4.9.3/../../../../arm-none-eabi/lib/armv6-m\libg_nano.a(lib_a-malloc.o)
                0x08001d04                malloc
 .text.memcpy   0x08001d18       0x12 c:/diasemi/smartsnippetsstudio/gcc/4_9-2015q3/bin/../lib/gcc/arm-none-eabi/4.9.3/../../../../arm-none-eabi/lib/armv6-m\libg_nano.a(lib_a-memcpy.o)
                0x08001d18                memcpy
 .text.memmove  0x08001d2a       0x28 c:/diasemi/smartsnippetsstudio/gcc/4_9-2015q3/bin/../lib/gcc/arm-none-eabi/4.9.3/../../../../arm-none-eabi/lib/armv6-m\libg_nano.a(lib_a-memmove.o)
                0x08001d2a                memmove
 .text.memset   0x08001d52       0x10 c:/diasemi/smartsnippetsstudio/gcc/4_9-2015q3/bin/../lib/gcc/arm-none-eabi/4.9.3/../../../../arm-none-eabi/lib/armv6-m\libg_nano.a(lib_a-memset.o)
                0x08001d52                memset
 *fill*         0x08001d62        0x2 
 .text._free_r  0x08001d64       0x8c c:/diasemi/smartsnippetsstudio/gcc/4_9-2015q3/bin/../lib/gcc/arm-none-eabi/4.9.3/../../../../arm-none-eabi/lib/armv6-m\libg_nano.a(lib_a-nano-freer.o)
                0x08001d64                _free_r
 .text._malloc_r
                0x08001df0       0xb0 c:/diasemi/smartsnippetsstudio/gcc/4_9-2015q3/bin/../lib/gcc/arm-none-eabi/4.9.3/../../../../arm-none-eabi/lib/armv6-m\libg_nano.a(lib_a-nano-mallocr.o)
                0x08001df0                _malloc_r
 .text._puts_r  0x08001ea0       0xf8 c:/diasemi/smartsnippetsstudio/gcc/4_9-2015q3/bin/../lib/gcc/arm-none-eabi/4.9.3/../../../../arm-none-eabi/lib/armv6-m\libg_nano.a(lib_a-puts.o)
                0x08001ea0                _puts_r
 .text.puts     0x08001f98       0x14 c:/diasemi/smartsnippetsstudio/gcc/4_9-2015q3/bin/../lib/gcc/arm-none-eabi/4.9.3/../../../../arm-none-eabi/lib/armv6-m\libg_nano.a(lib_a-puts.o)
                0x08001f98                puts
 .text._sbrk_r  0x08001fac       0x24 c:/diasemi/smartsnippetsstudio/gcc/4_9-2015q3/bin/../lib/gcc/arm-none-eabi/4.9.3/../../../../arm-none-eabi/lib/armv6-m\libg_nano.a(lib_a-sbrkr.o)
                0x08001fac                _sbrk_r
 .text.__swbuf_r
                0x08001fd0       0xb0 c:/diasemi/smartsnippetsstudio/gcc/4_9-2015q3/bin/../lib/gcc/arm-none-eabi/4.9.3/../../../../arm-none-eabi/lib/armv6-m\libg_nano.a(lib_a-wbuf.o)
                0x08001fd0                __swbuf_r
 .text.__swsetup_r
                0x08002080       0xe8 c:/diasemi/smartsnippetsstudio/gcc/4_9-2015q3/bin/../lib/gcc/arm-none-eabi/4.9.3/../../../../arm-none-eabi/lib/armv6-m\libg_nano.a(lib_a-wsetup.o)
                0x08002080                __swsetup_r
 .text.__sflush_r
                0x08002168      0x112 c:/diasemi/smartsnippetsstudio/gcc/4_9-2015q3/bin/../lib/gcc/arm-none-eabi/4.9.3/../../../../arm-none-eabi/lib/armv6-m\libg_nano.a(lib_a-fflush.o)
                0x08002168                __sflush_r
 *fill*         0x0800227a        0x2 
 .text._fflush_r
                0x0800227c       0x58 c:/diasemi/smartsnippetsstudio/gcc/4_9-2015q3/bin/../lib/gcc/arm-none-eabi/4.9.3/../../../../arm-none-eabi/lib/armv6-m\libg_nano.a(lib_a-fflush.o)
                0x0800227c                _fflush_r
 .text._cleanup_r
                0x080022d4       0x10 c:/diasemi/smartsnippetsstudio/gcc/4_9-2015q3/bin/../lib/gcc/arm-none-eabi/4.9.3/../../../../arm-none-eabi/lib/armv6-m\libg_nano.a(lib_a-findfp.o)
                0x080022d4                _cleanup_r
 .text.std.isra.0
                0x080022e4       0x48 c:/diasemi/smartsnippetsstudio/gcc/4_9-2015q3/bin/../lib/gcc/arm-none-eabi/4.9.3/../../../../arm-none-eabi/lib/armv6-m\libg_nano.a(lib_a-findfp.o)
 .text.__sfmoreglue
                0x0800232c       0x2c c:/diasemi/smartsnippetsstudio/gcc/4_9-2015q3/bin/../lib/gcc/arm-none-eabi/4.9.3/../../../../arm-none-eabi/lib/armv6-m\libg_nano.a(lib_a-findfp.o)
                0x0800232c                __sfmoreglue
 .text.__sinit  0x08002358       0x64 c:/diasemi/smartsnippetsstudio/gcc/4_9-2015q3/bin/../lib/gcc/arm-none-eabi/4.9.3/../../../../arm-none-eabi/lib/armv6-m\libg_nano.a(lib_a-findfp.o)
                0x08002358                __sinit
 .text.__sfp    0x080023bc       0x7c c:/diasemi/smartsnippetsstudio/gcc/4_9-2015q3/bin/../lib/gcc/arm-none-eabi/4.9.3/../../../../arm-none-eabi/lib/armv6-m\libg_nano.a(lib_a-findfp.o)
                0x080023bc                __sfp
 .text._fwalk_reent
                0x08002438       0x42 c:/diasemi/smartsnippetsstudio/gcc/4_9-2015q3/bin/../lib/gcc/arm-none-eabi/4.9.3/../../../../arm-none-eabi/lib/armv6-m\libg_nano.a(lib_a-fwalk.o)
                0x08002438                _fwalk_reent
 *fill*         0x0800247a        0x2 
 .text.__smakebuf_r
                0x0800247c       0xb0 c:/diasemi/smartsnippetsstudio/gcc/4_9-2015q3/bin/../lib/gcc/arm-none-eabi/4.9.3/../../../../arm-none-eabi/lib/armv6-m\libg_nano.a(lib_a-makebuf.o)
                0x0800247c                __smakebuf_r
 .text.__sread  0x0800252c       0x28 c:/diasemi/smartsnippetsstudio/gcc/4_9-2015q3/bin/../lib/gcc/arm-none-eabi/4.9.3/../../../../arm-none-eabi/lib/armv6-m\libg_nano.a(lib_a-stdio.o)
                0x0800252c                __sread
 .text.__swrite
                0x08002554       0x38 c:/diasemi/smartsnippetsstudio/gcc/4_9-2015q3/bin/../lib/gcc/arm-none-eabi/4.9.3/../../../../arm-none-eabi/lib/armv6-m\libg_nano.a(lib_a-stdio.o)
                0x08002554                __swrite
 .text.__sseek  0x0800258c       0x2c c:/diasemi/smartsnippetsstudio/gcc/4_9-2015q3/bin/../lib/gcc/arm-none-eabi/4.9.3/../../../../arm-none-eabi/lib/armv6-m\libg_nano.a(lib_a-stdio.o)
                0x0800258c                __sseek
 .text.__sclose
                0x080025b8        0xc c:/diasemi/smartsnippetsstudio/gcc/4_9-2015q3/bin/../lib/gcc/arm-none-eabi/4.9.3/../../../../arm-none-eabi/lib/armv6-m\libg_nano.a(lib_a-stdio.o)
                0x080025b8                __sclose
 .text._write_r
                0x080025c4       0x28 c:/diasemi/smartsnippetsstudio/gcc/4_9-2015q3/bin/../lib/gcc/arm-none-eabi/4.9.3/../../../../arm-none-eabi/lib/armv6-m\libg_nano.a(lib_a-writer.o)
                0x080025c4                _write_r
 .text._close_r
                0x080025ec       0x24 c:/diasemi/smartsnippetsstudio/gcc/4_9-2015q3/bin/../lib/gcc/arm-none-eabi/4.9.3/../../../../arm-none-eabi/lib/armv6-m\libg_nano.a(lib_a-closer.o)
                0x080025ec                _close_r
 .text._fstat_r
                0x08002610       0x24 c:/diasemi/smartsnippetsstudio/gcc/4_9-2015q3/bin/../lib/gcc/arm-none-eabi/4.9.3/../../../../arm-none-eabi/lib/armv6-m\libg_nano.a(lib_a-fstatr.o)
                0x08002610                _fstat_r
 .text._isatty_r
                0x08002634       0x24 c:/diasemi/smartsnippetsstudio/gcc/4_9-2015q3/bin/../lib/gcc/arm-none-eabi/4.9.3/../../../../arm-none-eabi/lib/armv6-m\libg_nano.a(lib_a-isattyr.o)
                0x08002634                _isatty_r
 .text._lseek_r
                0x08002658       0x28 c:/diasemi/smartsnippetsstudio/gcc/4_9-2015q3/bin/../lib/gcc/arm-none-eabi/4.9.3/../../../../arm-none-eabi/lib/armv6-m\libg_nano.a(lib_a-lseekr.o)
                0x08002658                _lseek_r
 .text._read_r  0x08002680       0x28 c:/diasemi/smartsnippetsstudio/gcc/4_9-2015q3/bin/../lib/gcc/arm-none-eabi/4.9.3/../../../../arm-none-eabi/lib/armv6-m\libg_nano.a(lib_a-readr.o)
                0x08002680                _read_r
 .text._close   0x080026a8       0x10 c:/diasemi/smartsnippetsstudio/gcc/4_9-2015q3/bin/../lib/gcc/arm-none-eabi/4.9.3/../../../../arm-none-eabi/lib/armv6-m\libnosys.a(close.o)
                0x080026a8                _close
 .text._fstat   0x080026b8       0x10 c:/diasemi/smartsnippetsstudio/gcc/4_9-2015q3/bin/../lib/gcc/arm-none-eabi/4.9.3/../../../../arm-none-eabi/lib/armv6-m\libnosys.a(fstat.o)
                0x080026b8                _fstat
 .text._isatty  0x080026c8       0x10 c:/diasemi/smartsnippetsstudio/gcc/4_9-2015q3/bin/../lib/gcc/arm-none-eabi/4.9.3/../../../../arm-none-eabi/lib/armv6-m\libnosys.a(isatty.o)
                0x080026c8                _isatty
 .text._lseek   0x080026d8       0x10 c:/diasemi/smartsnippetsstudio/gcc/4_9-2015q3/bin/../lib/gcc/arm-none-eabi/4.9.3/../../../../arm-none-eabi/lib/armv6-m\libnosys.a(lseek.o)
                0x080026d8                _lseek
 .text._read    0x080026e8       0x10 c:/diasemi/smartsnippetsstudio/gcc/4_9-2015q3/bin/../lib/gcc/arm-none-eabi/4.9.3/../../../../arm-none-eabi/lib/armv6-m\libnosys.a(read.o)
                0x080026e8                _read
 .text._exit    0x080026f8        0x4 c:/diasemi/smartsnippetsstudio/gcc/4_9-2015q3/bin/../lib/gcc/arm-none-eabi/4.9.3/../../../../arm-none-eabi/lib/armv6-m\libnosys.a(_exit.o)
                0x080026f8                _exit
                0x080026fc                . = ALIGN (0x4)
                0x080026fc                __start_adapter_init_section = .
 *(adapter_init_section)
                0x080026fc                __stop_adapter_init_section = .
                0x080026fc                __start_bus_init_section = .
 *(bus_init_section)
                0x080026fc                __stop_bus_init_section = .
                0x080026fc                __start_device_init_section = .
 *(device_init_section)
                0x080026fc                __stop_device_init_section = .
 *(.init)
 .init          0x080026fc        0x4 c:/diasemi/smartsnippetsstudio/gcc/4_9-2015q3/bin/../lib/gcc/arm-none-eabi/4.9.3/armv6-m/crti.o
                0x080026fc                _init
 .init          0x08002700        0x8 c:/diasemi/smartsnippetsstudio/gcc/4_9-2015q3/bin/../lib/gcc/arm-none-eabi/4.9.3/armv6-m/crtn.o
 *(.fini)
 .fini          0x08002708        0x4 c:/diasemi/smartsnippetsstudio/gcc/4_9-2015q3/bin/../lib/gcc/arm-none-eabi/4.9.3/armv6-m/crti.o
                0x08002708                _fini
 .fini          0x0800270c        0x8 c:/diasemi/smartsnippetsstudio/gcc/4_9-2015q3/bin/../lib/gcc/arm-none-eabi/4.9.3/armv6-m/crtn.o
 *crtbegin.o(.ctors)
 *crtbegin?.o(.ctors)
 *(EXCLUDE_FILE(*crtend.o *crtend?.o) .ctors)
 *(SORT(.ctors.*))
 *(.ctors)
 *crtbegin.o(.dtors)
 *crtbegin?.o(.dtors)
 *(EXCLUDE_FILE(*crtend.o *crtend?.o) .dtors)
 *(SORT(.dtors.*))
 *(.dtors)
                0x08002714                . = ALIGN (0x4)
                0x08002714                PROVIDE (__preinit_array_start, .)
 *(.preinit_array)
                0x08002714                PROVIDE (__preinit_array_end, .)
                0x08002714                . = ALIGN (0x4)
                0x08002714                PROVIDE (__init_array_start, .)
 *(SORT(.init_array.*))
 *(.init_array)
 .init_array    0x08002714        0x4 c:/diasemi/smartsnippetsstudio/gcc/4_9-2015q3/bin/../lib/gcc/arm-none-eabi/4.9.3/armv6-m/crtbegin.o
                0x08002718                PROVIDE (__init_array_end, .)
                0x08002718                . = ALIGN (0x4)
                0x08002718                PROVIDE (__fini_array_start, .)
 *(SORT(.fini_array.*))
 *(.fini_array)
 .fini_array    0x08002718        0x4 c:/diasemi/smartsnippetsstudio/gcc/4_9-2015q3/bin/../lib/gcc/arm-none-eabi/4.9.3/armv6-m/crtbegin.o
                0x0800271c                PROVIDE (__fini_array_end, .)
 *(.rodata*)
 .rodata.__dialog_interrupt_priorities
                0x0800271c       0x28 ./startup/config.o
                0x0800271c                __dialog_interrupt_priorities
 .rodata.str1.1
                0x08002744       0x16 ./src/main.o
 *fill*         0x0800275a        0x2 
 .rodata.crc32_tab
                0x0800275c      0x400 ./src/main.o
 .rodata.uart_cfg
                0x08002b5c        0x4 ./src/periph_setup.o
 .rodata.uncalibrated_tcs_data
                0x08002b60       0x28 ./sdk/peripherals/src/sys_tcs.o
 .rodata.part_init
                0x08002b88       0x3c ./sdk/adapters/src/ad_nvms.o
 .rodata.ad_nvms_direct_driver
                0x08002bc4       0x1c ./sdk/adapters/src/ad_nvms_direct.o
                0x08002bc4                ad_nvms_direct_driver
 .rodata.ad_nvms_direct_ro_driver
                0x08002be0       0x1c ./sdk/adapters/src/ad_nvms_direct.o
                0x08002be0                ad_nvms_direct_ro_driver
 .rodata.str1.1
                0x08002bfc        0x2 c:/diasemi/smartsnippetsstudio/gcc/4_9-2015q3/bin/../lib/gcc/arm-none-eabi/4.9.3/../../../../arm-none-eabi/lib/armv6-m\libg_nano.a(lib_a-impure.o)
 *fill*         0x08002bfe        0x2 
 .rodata._global_impure_ptr
                0x08002c00        0x4 c:/diasemi/smartsnippetsstudio/gcc/4_9-2015q3/bin/../lib/gcc/arm-none-eabi/4.9.3/../../../../arm-none-eabi/lib/armv6-m\libg_nano.a(lib_a-impure.o)
                0x08002c00                _global_impure_ptr
 .rodata.__sf_fake_stdin
                0x08002c04       0x20 c:/diasemi/smartsnippetsstudio/gcc/4_9-2015q3/bin/../lib/gcc/arm-none-eabi/4.9.3/../../../../arm-none-eabi/lib/armv6-m\libg_nano.a(lib_a-findfp.o)
                0x08002c04                __sf_fake_stdin
 .rodata.__sf_fake_stdout
                0x08002c24       0x20 c:/diasemi/smartsnippetsstudio/gcc/4_9-2015q3/bin/../lib/gcc/arm-none-eabi/4.9.3/../../../../arm-none-eabi/lib/armv6-m\libg_nano.a(lib_a-findfp.o)
                0x08002c24                __sf_fake_stdout
 .rodata.__sf_fake_stderr
                0x08002c44       0x20 c:/diasemi/smartsnippetsstudio/gcc/4_9-2015q3/bin/../lib/gcc/arm-none-eabi/4.9.3/../../../../arm-none-eabi/lib/armv6-m\libg_nano.a(lib_a-findfp.o)
                0x08002c44                __sf_fake_stderr
 *(.eh_frame*)
 .eh_frame      0x08002c64        0x0 c:/diasemi/smartsnippetsstudio/gcc/4_9-2015q3/bin/../lib/gcc/arm-none-eabi/4.9.3/armv6-m/crtbegin.o
 .eh_frame      0x08002c64        0x4 c:/diasemi/smartsnippetsstudio/gcc/4_9-2015q3/bin/../lib/gcc/arm-none-eabi/4.9.3/armv6-m/crtend.o

.glue_7         0x08002c68        0x0
 .glue_7        0x00000000        0x0 linker stubs

.glue_7t        0x08002c68        0x0
 .glue_7t       0x00000000        0x0 linker stubs

.vfp11_veneer   0x08002c68        0x0
 .vfp11_veneer  0x00000000        0x0 linker stubs

.v4_bx          0x08002c68        0x0
 .v4_bx         0x00000000        0x0 linker stubs

.iplt           0x08002c68        0x0
 .iplt          0x00000000        0x0 c:/diasemi/smartsnippetsstudio/gcc/4_9-2015q3/bin/../lib/gcc/arm-none-eabi/4.9.3/armv6-m/crtbegin.o

.ARM.extab
 *(.ARM.extab* .gnu.linkonce.armextab.*)
                0x08002c68                __exidx_start = .

.ARM.exidx      0x08002c68        0x8
 *(.ARM.exidx* .gnu.linkonce.armexidx.*)
 .ARM.exidx     0x08002c68        0x8 c:/diasemi/smartsnippetsstudio/gcc/4_9-2015q3/bin/../lib/gcc/arm-none-eabi/4.9.3/../../../../arm-none-eabi/lib/armv6-m/crt0.o
                0x08002c70                __exidx_end = .

.rel.dyn        0x08002c70        0x0
 .rel.iplt      0x00000000        0x0 c:/diasemi/smartsnippetsstudio/gcc/4_9-2015q3/bin/../lib/gcc/arm-none-eabi/4.9.3/armv6-m/crtbegin.o

.align_s        0x08002c70        0x0
                0x08002c70                . = ALIGN (0x10)
                0x08002c70                __etext = .

.data           0x07fc0100       0x10 load address 0x08002c70
                0x07fc0100                . = ALIGN (0x10)
                0x07fc0100                __data_start__ = .
 *(vtable)
 *(EXCLUDE_FILE(*\libnosys.a:* *\libg_nano.a:*) .data*)
 .data.cm_sysclk
                0x07fc0100        0x1 ./src/main.o
                0x07fc0100                cm_sysclk
                0x07fc0104                . = ALIGN (0x4)
 *fill*         0x07fc0101        0x3 
 *(.jcr*)
 .jcr           0x07fc0104        0x0 c:/diasemi/smartsnippetsstudio/gcc/4_9-2015q3/bin/../lib/gcc/arm-none-eabi/4.9.3/armv6-m/crtbegin.o
 .jcr           0x07fc0104        0x4 c:/diasemi/smartsnippetsstudio/gcc/4_9-2015q3/bin/../lib/gcc/arm-none-eabi/4.9.3/armv6-m/crtend.o
                0x07fc0110                . = ALIGN (0x10)
 *fill*         0x07fc0108        0x8 
                0x07fc0110                __data_end__ = .

.igot.plt       0x07fc0110        0x0 load address 0x08002c80
 .igot.plt      0x00000000        0x0 c:/diasemi/smartsnippetsstudio/gcc/4_9-2015q3/bin/../lib/gcc/arm-none-eabi/4.9.3/armv6-m/crtbegin.o

.bss            0x07fc0110     0x2070 load address 0x08002c80
                0x07fc0120                . = ALIGN (0x20)
 *fill*         0x07fc0110       0x10 
                0x07fc0120                __bss_start__ = .
 *(.bss.ecc_buffer)
 *(EXCLUDE_FILE(*\libnosys.a:* *\libg_nano.a:*) .bss*)
 .bss           0x07fc0120       0x1c c:/diasemi/smartsnippetsstudio/gcc/4_9-2015q3/bin/../lib/gcc/arm-none-eabi/4.9.3/armv6-m/crtbegin.o
 .bss.nortos_xtal16m_settled
                0x07fc013c        0x1 ./startup/system_ARMCM0.o
 .bss.cm_ahbclk
                0x07fc013d        0x1 ./src/main.o
                0x07fc013d                cm_ahbclk
 .bss.sector_buffer
                0x07fc013e     0x1000 ./src/main.o
 *fill*         0x07fc113e        0x2 
 .bss.intr_cb   0x07fc1140        0x4 ./sdk/peripherals/src/hw_gpadc.o
 .bss.no_cache_flush_base
                0x07fc1144        0x4 ./sdk/adapters/src/ad_flash.o
 .bss.no_cache_flush_end
                0x07fc1148        0x4 ./sdk/adapters/src/ad_flash.o
 .bss.initialized
                0x07fc114c        0x1 ./sdk/adapters/src/ad_flash.o
 *fill*         0x07fc114d        0x3 
 .bss.partitions
                0x07fc1150        0x4 ./sdk/adapters/src/ad_nvms.o
 .bss.sector_buff
                0x07fc1154        0xc ./sdk/adapters/src/ad_nvms_direct.o
 .bss.flash_sector
                0x07fc1160     0x1000 ./sdk/adapters/src/ad_nvms_direct.o
 *(COMMON)
 COMMON         0x07fc2160        0x4 c:/diasemi/smartsnippetsstudio/gcc/4_9-2015q3/bin/../lib/gcc/arm-none-eabi/4.9.3/../../../../arm-none-eabi/lib/armv6-m\libg_nano.a(lib_a-reent.o)
                0x07fc2160                errno
                0x07fc2180                . = ALIGN (0x20)
 *fill*         0x07fc2164       0x1c 
                0x07fc2180                __bss_end__ = .

.heap           0x07fc2180      0x800
                0x07fc2180                __end__ = .
                0x07fc2180                PROVIDE (end, .)
 *(.heap*)
 .heap          0x07fc2180      0x800 ./startup/vector_table.o
                0x07fc2180                __HeapBase
                0x07fc2980                __HeapLimit = .

.stack_dummy    0x07fc2180      0x200
 *(.stack*)
 .stack         0x07fc2180      0x200 ./startup/vector_table.o
                0x07fca000                __StackTop = (ORIGIN (RAM) + 0x9f00)
                0x07fc9e00                __StackLimit = (__StackTop - SIZEOF (.stack_dummy))
                0x07fca000                PROVIDE (__stack, __StackTop)

RETENTION_INIT0
                0x07fca000      0x870 load address 0x08002c80
                0x07fca000                . = ALIGN (0x10)
                0x07fca000                __RetRAM0_code_start__ = .
 *(text_retained)
 text_retained  0x07fca000       0x7c ./startup/startup_ARMCM0.o
                0x07fca000                NMI_Handler
                0x07fca016                HardFault_Handler
 text_retained  0x07fca07c       0x54 ./startup/system_ARMCM0.o
 text_retained  0x07fca0d0      0x154 ./sdk/peripherals/src/hw_cpm.o
                0x07fca0d0                hw_cpm_start_calibration
                0x07fca10c                hw_cpm_reset_system
                0x07fca124                hw_cpm_reboot_system
                0x07fca140                hw_cpm_assert_trigger_gpio
                0x07fca142                hw_cpm_activate_bod_protection
                0x07fca16c                hw_cpm_get_1v8_state
                0x07fca178                hw_cpm_delay_usec
 text_retained  0x07fca224       0xd4 ./sdk/peripherals/src/hw_hard_fault.o
                0x07fca224                HardFault_HandlerC
 text_retained  0x07fca2f8      0x13c ./sdk/peripherals/src/hw_watchdog.o
                0x07fca2f8                hw_watchdog_freeze
                0x07fca310                hw_watchdog_unfreeze
                0x07fca31c                hw_watchdog_unregister_int
                0x07fca328                hw_watchdog_handle_int
                0x07fca41c                NMI_HandlerC
 text_retained  0x07fca434      0x2e0 ./sdk/memory/src/qspi_automode.o
                0x07fca4fc                flash_activate_command_entry_mode
                0x07fca534                flash_deactivate_command_entry_mode
                0x07fca582                qspi_automode_flash_power_up
                0x07fca5cc                qspi_automode_flash_power_down
                0x07fca600                qspi_automode_init
                0x07fca6f8                qspi_automode_sys_clock_cfg
 *libgcc.a:_aeabi_uldivmod.o(.text*)
 *libgcc.a:_muldi3.o(.text*)
 *libgcc.a:_dvmd_tls.o(.text*)
 *libgcc.a:bpabi.o(.text*)
 *libgcc.a:_udivdi3.o(.text*)
 *libgcc.a:_clzdi2.o(.text*)
 *libgcc.a:_clzsi2.o(.text*)
                0x07fca714                . = ALIGN (0x4)
 *(retention_mem_init)
 retention_mem_init
                0x07fca714        0x4 ./startup/system_ARMCM0.o
 retention_mem_init
                0x07fca718        0x1 ./sdk/peripherals/src/hw_cpm.o
 retention_mem_init
                0x07fca719        0x5 ./sdk/peripherals/src/hw_qspi.o
                0x07fca719                dummy_num
 *fill*         0x07fca71e        0x2 
 retention_mem_init
                0x07fca720       0xe8 ./sdk/peripherals/src/hw_uart.o
 *(retention_mem_const)
 *(privileged_data_init)
 *(.retention)
 *\libg_nano.a:*(.data*)
 .data.impure_data
                0x07fca808       0x60 c:/diasemi/smartsnippetsstudio/gcc/4_9-2015q3/bin/../lib/gcc/arm-none-eabi/4.9.3/../../../../arm-none-eabi/lib/armv6-m\libg_nano.a(lib_a-impure.o)
 .data._impure_ptr
                0x07fca868        0x4 c:/diasemi/smartsnippetsstudio/gcc/4_9-2015q3/bin/../lib/gcc/arm-none-eabi/4.9.3/../../../../arm-none-eabi/lib/armv6-m\libg_nano.a(lib_a-impure.o)
                0x07fca868                _impure_ptr
 *\libnosys.a:*(.data*)
                0x07fca870                . = ALIGN (0x10)
 *fill*         0x07fca86c        0x4 
                0x07fca870                __RetRAM0_code_end__ = .
                0x07fca870                . = ALIGN (0x4)

RETENTION_RAM0  0x07fca870      0x110
                0x07fca870                . = ALIGN (0x4)
                0x07fca870                __RetRAM0_start = .
 *(nmi_info)
 *(hard_fault_info)
 *(retention_mem_uninit)
 retention_mem_uninit
                0x07fca870        0x2 ./sdk/peripherals/src/hw_cpm.o
                0x07fca870                hw_cpm_bod_enabled_in_tcs
 *fill*         0x07fca872        0x2 
 retention_mem_uninit
                0x07fca874       0xc5 ./sdk/peripherals/src/sys_tcs.o
                0x07fca874                tcs_length
                0x07fca878                tcs_data
                0x07fca938                sys_tcs_is_calibrated_chip
                0x07fca940                . = ALIGN (0x20)
 *fill*         0x07fca939        0x7 
                0x07fca940                __RetRAM0_data_start = .
 *\libg_nano.a:*(.bss*)
 .bss.__malloc_sbrk_start
                0x07fca940        0x4 c:/diasemi/smartsnippetsstudio/gcc/4_9-2015q3/bin/../lib/gcc/arm-none-eabi/4.9.3/../../../../arm-none-eabi/lib/armv6-m\libg_nano.a(lib_a-nano-mallocr.o)
                0x07fca940                __malloc_sbrk_start
 .bss.__malloc_free_list
                0x07fca944        0x4 c:/diasemi/smartsnippetsstudio/gcc/4_9-2015q3/bin/../lib/gcc/arm-none-eabi/4.9.3/../../../../arm-none-eabi/lib/armv6-m\libg_nano.a(lib_a-nano-mallocr.o)
                0x07fca944                __malloc_free_list
 *\libnosys.a:*(.bss*)
 *(privileged_data_zi)
 *(retention_mem_zi)
 retention_mem_zi
                0x07fca948        0x8 ./startup/system_ARMCM0.o
                0x07fca948                SystemCoreClock
                0x07fca94c                SystemLPClock
 retention_mem_zi
                0x07fca950        0x8 ./sdk/peripherals/src/hw_crypto.o
 retention_mem_zi
                0x07fca958        0x4 ./sdk/peripherals/src/hw_gpadc.o
                0x07fca958                hw_gpadc_single_ended_gain_error
                0x07fca95a                hw_gpadc_differential_gain_error
 retention_mem_zi
                0x07fca95c        0x4 ./sdk/peripherals/src/hw_watchdog.o
 retention_mem_zi
                0x07fca960       0x10 ./sdk/peripherals/src/sys_tcs.o
                0x07fca960                sys_tcs_xtal16m_settling_time
                0x07fca962                area_offset
                0x07fca966                area_size
                0x07fca96c                tcs_ptr
 *(os_heap)
 *(ble_msg_heap)
 *(ble_env_heap)
 *(ble_db_heap)
                0x07fca980                . = ALIGN (0x20)
 *fill*         0x07fca970       0x10 
                0x07fca980                __RetRAM0_data_end__ = .

RETENTION_RAM1  0x00000000        0x0
                0x00000000                . = ALIGN (0x20)
                0x00000000                __RetRAM1_start__ = .
 *(privileged_data_1_zi)
 *(retention_mem_1_zi)
                0x00000000                . = ALIGN (0x20)
                0x00000000                __RetRAM1_end__ = .

RETENTION_BLE
 *(ble_variables)
                0x000056c0                __RetRAM0_size = (0x6000 - (__RetRAM0_data_start - ORIGIN (RetRAM0)))
                0x000034f0                __image_size = (((__etext + (__data_end__ - __data_start__)) + (__RetRAM0_code_end__ - __RetRAM0_code_start__)) - ORIGIN (ROM))
                0x00002c80                __mirrored_image_size = ((__etext + (__data_end__ - __data_start__)) - ORIGIN (ROM))
                0x00000000                ram_ovf = (ORIGIN (RAM) >= 0x7fe0000)?0x0:((ORIGIN (RAM) + 0x9f00) < 0x7fdc000)?0x0:0x1
                0x00000001                ASSERT ((ram_ovf == 0x0), ROM variables region (starting at 0x07FDC000) overflowed by RAM)
                0x00000001                ASSERT ((__RetRAM0_data_end__ < 0x7fdc000), ROM variables region (starting at 0x07FDC000) overflowed by RetRAM0)
                0x07f0287d                set_system_clocks = 0x7f0287d
                0x07f02899                set_peripheral_clocks = 0x7f02899
                0x07f028d3                rf_workaround_init = 0x7f028d3
                0x07f028d5                get_stack_usage = 0x7f028d5
                0x07f02913                rwip_eif_get_func = 0x7f02913
                0x07f02923                rwip_set_em_base = 0x7f02923
                0x07f02929                platform_initialization = 0x7f02929
                0x07f029e1                ble_init = 0x7f029e1
                0x07f02a53                ble_regs_push = 0x7f02a53
                0x07f02aab                ble_regs_pop = 0x7f02aab
                0x07f02b01                platform_sleep = 0x7f02b01
                0x07f02e19                smpc_check_param = 0x7f02e19
                0x07f02e23                smpc_pdu_recv = 0x7f02e23
                0x07f02e2d                lld_sleep_compensate = 0x7f02e2d
                0x07f02e37                lld_sleep_init = 0x7f02e37
                0x07f02e41                lld_sleep_us_2_lpcycles = 0x7f02e41
                0x07f02e4b                lld_sleep_lpcycles_2_us = 0x7f02e4b
                0x07f02e55                uart_flow_off = 0x7f02e55
                0x07f02e5d                uart_finish_transfers = 0x7f02e5d
                0x07f02e65                uart_read = 0x7f02e65
                0x07f02e6d                uart_write = 0x7f02e6d
                0x07f02e7d                uart_init = 0x7f02e7d
                0x07f02e85                uart_flow_on = 0x7f02e85
                0x07f02e8d                gtl_init = 0x7f02e8d
                0x07f02e95                gtl_eif_init = 0x7f02e95
                0x07f02e9d                gtl_eif_read_start = 0x7f02e9d
                0x07f02ea5                gtl_eif_read_hdr = 0x7f02ea5
                0x07f02ead                gtl_eif_read_payl = 0x7f02ead
                0x07f02eb5                gtl_eif_tx_done = 0x7f02eb5
                0x07f02ebd                gtl_eif_rx_done = 0x7f02ebd
                0x07f02ec5                h4tl_init = 0x7f02ec5
                0x07f02ecd                h4tl_read_start = 0x7f02ecd
                0x07f02ed5                h4tl_read_hdr = 0x7f02ed5
                0x07f02edd                h4tl_read_payl = 0x7f02edd
                0x07f02ee5                h4tl_read_next_out_of_sync = 0x7f02ee5
                0x07f02eed                h4tl_out_of_sync = 0x7f02eed
                0x07f02ef5                h4tl_tx_done = 0x7f02ef5
                0x07f02efd                h4tl_rx_done = 0x7f02efd
                0x07f02f05                ke_task_init = 0x7f02f05
                0x07f02f0d                ke_timer_init = 0x7f02f0d
                0x07f02f15                llm_encryption_done = 0x7f02f15
                0x07f02f1d                nvds_get = 0x7f02f1d
                0x07f02f25                nvds_del = 0x7f02f25
                0x07f02f2d                nvds_put = 0x7f02f2d
                0x07f02f35                rwip_eif_get = 0x7f02f35
                0x07f02f3d                platform_reset = 0x7f02f3d
                0x07f02f47                lld_test_stop = 0x7f02f47
                0x07f02f51                lld_test_mode_tx = 0x7f02f51
                0x07f02f5b                lld_test_mode_rx = 0x7f02f5b
                0x07f02f65                prf_init = 0x7f02f65
                0x07f02f6f                prf_add_profile = 0x7f02f6f
                0x07f02f79                prf_create = 0x7f02f79
                0x07f02f83                prf_cleanup = 0x7f02f83
                0x07f02f8d                prf_get_id_from_task = 0x7f02f8d
                0x07f02f97                prf_get_task_from_id = 0x7f02f97
                0x07f02fa1                nvds_init = 0x7f02fa1
                0x07f02fa9                SetSystemVars = 0x7f02fa9
                0x07f02fb3                dbg_init = 0x7f02fb3
                0x07f02fbd                dbg_platform_reset_complete = 0x7f02fbd
                0x07f02fc7                hci_rd_local_supp_feats_cmd_handler = 0x7f02fc7
                0x07f02fd7                l2cc_pdu_pack = 0x7f02fd7
                0x07f02fed                l2cc_pdu_unpack = 0x7f02fed
                0x07f03005                l2c_send_lecb_message = 0x7f03005
                0x07f0300f                l2c_process_sdu = 0x7f0300f
                0x07f03019                l2cc_pdu_recv_ind_handler = 0x7f03019
                0x07f03029                gapc_lecb_connect_cfm_handler = 0x7f03029
                0x07f03039                atts_l2cc_pdu_recv_handler = 0x7f03039
                0x07f03043                attc_l2cc_pdu_recv_handler = 0x7f03043
                0x07f0304d                crypto_init = 0x7f0304d
                0x07f03057                llm_le_adv_report_ind = 0x7f03057
                0x07f03061                PK_PointMult = 0x7f03061
                0x07f0306b                llm_p256_start = 0x7f0306b
                0x07f03075                llm_create_p256_key = 0x7f03075
                0x07f03081                llm_p256_req_handler = 0x7f03081
                0x07f03093                llc_le_length_effective = 0x7f03093
                0x07f0309f                llc_le_length_conn_init = 0x7f0309f
                0x07f030d5                co_buf_init = 0x7f030d5
                0x07f0317d                co_buf_rx_free = 0x7f0317d
                0x07f03197                co_buf_rx_buffer_get = 0x7f03197
                0x07f031a1                co_buf_tx_buffer_get = 0x7f031a1
                0x07f031c5                co_list_init = 0x7f031c5
                0x07f031d5                co_list_pop_front = 0x7f031d5
                0x07f031f7                co_list_flush = 0x7f031f7
                0x07f0320d                co_list_push_back = 0x7f0320d
                0x07f03231                co_list_pool_init = 0x7f03231
                0x07f03299                co_list_push_front = 0x7f03299
                0x07f032b5                co_list_extract = 0x7f032b5
                0x07f03305                co_list_find = 0x7f03305
                0x07f0331b                co_list_merge = 0x7f0331b
                0x07f03337                co_list_insert_before = 0x7f03337
                0x07f0336f                co_list_insert_after = 0x7f0336f
                0x07f033ab                co_list_size = 0x7f033ab
                0x07f033bf                co_bdaddr_compare = 0x7f033bf
                0x07f033dd                llc_init = 0x7f033dd
                0x07f03407                llc_stop = 0x7f03407
                0x07f0344d                llc_reset = 0x7f0344d
                0x07f0346f                llc_le_length_effective_func = 0x7f0346f
                0x07f03557                llc_le_enh_con_cmp_evt_send = 0x7f03557
                0x07f03659                llc_le_con_cmp_evt_send = 0x7f03659
                0x07f03705                llc_start = 0x7f03705
                0x07f03877                llc_discon_event_complete_send = 0x7f03877
                0x07f03897                llc_con_update_complete_send = 0x7f03897
                0x07f038d1                llc_ltk_req_send = 0x7f038d1
                0x07f03909                llc_feats_rd_event_send = 0x7f03909
                0x07f03945                llc_version_rd_event_send = 0x7f03945
                0x07f03975                llc_common_cmd_complete_send = 0x7f03975
                0x07f03993                llc_common_cmd_status_send = 0x7f03993
                0x07f039af                llc_common_flush_occurred_send = 0x7f039af
                0x07f039c7                llc_common_enc_key_ref_comp_evt_send = 0x7f039c7
                0x07f039e3                llc_common_enc_change_evt_send = 0x7f039e3
                0x07f03a49                llc_common_nb_of_pkt_comp_evt_send = 0x7f03a49
                0x07f03a69                llc_con_update_ind = 0x7f03a69
                0x07f03add                llc_lsto_con_update = 0x7f03add
                0x07f03b0f                llc_map_update_ind = 0x7f03b0f
                0x07f03b8d                llc_chnl_map_req_send = 0x7f03b8d
                0x07f03ba9                llc_add_bad_chnl = 0x7f03ba9
                0x07f03cb3                llc_version_ind_pdu_send = 0x7f03cb3
                0x07f03cf5                llc_ch_map_update_pdu_send = 0x7f03cf5
                0x07f03d39                llc_pause_enc_req_pdu_send = 0x7f03d39
                0x07f03d7b                llc_pause_enc_rsp_pdu_send = 0x7f03d7b
                0x07f03dd3                llc_enc_req_pdu_send = 0x7f03dd3
                0x07f03e91                llc_enc_rsp_pdu_send = 0x7f03e91
                0x07f03f21                llc_start_enc_rsp_pdu_send = 0x7f03f21
                0x07f03f6b                llc_reject_ind_pdu_send = 0x7f03f6b
                0x07f03fd5                llc_con_update_pdu_send = 0x7f03fd5
                0x07f0401f                llc_con_param_req_pdu_send = 0x7f0401f
                0x07f040b7                llc_con_param_rsp_pdu_send = 0x7f040b7
                0x07f04139                llc_feats_req_pdu_send = 0x7f04139
                0x07f0418d                llc_start_enc_req_pdu_send = 0x7f0418d
                0x07f04227                llc_terminate_ind_pdu_send = 0x7f04227
                0x07f0428f                llc_unknown_rsp_send_pdu = 0x7f0428f
                0x07f042b7                llc_length_req_pdu_send = 0x7f042b7
                0x07f04363                llc_length_rsp_pdu_send = 0x7f04363
                0x07f043c7                llc_length_ind = 0x7f043c7
                0x07f04453                llc_ping_req_pdu_send = 0x7f04453
                0x07f04477                llc_ping_rsp_pdu_send = 0x7f04477
                0x07f0449b                llc_feats_req_ind = 0x7f0449b
                0x07f04503                llc_feats_rsp_ind = 0x7f04503
                0x07f0455b                llc_vers_ind_ind = 0x7f0455b
                0x07f045df                llc_terminate_ind = 0x7f045df
                0x07f0461b                llc_pause_enc_req_ind = 0x7f0461b
                0x07f0464b                llc_pause_enc_rsp_ind = 0x7f0464b
                0x07f046bf                llc_enc_req_ind = 0x7f046bf
                0x07f04763                llc_enc_rsp_ind = 0x7f04763
                0x07f0480d                llc_start_enc_req_ind = 0x7f0480d
                0x07f0486f                llc_start_enc_rsp_ind = 0x7f0486f
                0x07f04905                llc_cntl_rcv = 0x7f04905
                0x07f04991                llcp_con_param_req_pdu_unpk = 0x7f04991
                0x07f04a09                llcp_con_param_rsp_pdu_unpk = 0x7f04a09
                0x07f04a81                llc_con_update_req_ind = 0x7f04a81
                0x07f04adb                llc_ch_map_req_ind = 0x7f04adb
                0x07f04b49                llc_data_rcv = 0x7f04b49
                0x07f068a1                llc_util_get_free_conhdl = 0x7f068a1
                0x07f068d1                llc_util_dicon_procedure = 0x7f068d1
                0x07f06933                llc_util_gen_skdx = 0x7f06933
                0x07f06947                llc_util_update_channel_map = 0x7f06947
                0x07f06959                llc_util_set_llcp_discard_enable = 0x7f06959
                0x07f06971                llc_util_set_auth_payl_to_margin = 0x7f06971
                0x07f069a5                lld_init = 0x7f069a5
                0x07f06af3                lld_reset = 0x7f06af3
                0x07f06b41                lld_adv_start = 0x7f06b41
                0x07f06c8f                lld_adv_stop = 0x7f06c8f
                0x07f06cb5                lld_scan_start = 0x7f06cb5
                0x07f06e1b                lld_scan_stop = 0x7f06e1b
                0x07f06e53                lld_con_start = 0x7f06e53
                0x07f071cb                lld_move_to_master = 0x7f071cb
                0x07f07261                lld_con_update_req = 0x7f07261
                0x07f072db                lld_con_update_after_param_req = 0x7f072db
                0x07f074c1                lld_con_param_rsp = 0x7f074c1
                0x07f075bb                lld_con_param_req = 0x7f075bb
                0x07f0768d                lld_con_stop = 0x7f0768d
                0x07f076e3                lld_get_mode = 0x7f076e3
                0x07f07707                lld_move_to_slave = 0x7f07707
                0x07f07887                lld_ch_map_ind = 0x7f07887
                0x07f07899                lld_con_update_ind = 0x7f07899
                0x07f078a7                lld_crypt_isr = 0x7f078a7
                0x07f078b1                lld_test_mode_tx_func = 0x7f078b1
                0x07f079eb                lld_test_stop_func = 0x7f079eb
                0x07f07aa5                lld_data_rx_check = 0x7f07aa5
                0x07f07ae9                lld_data_rx_flush = 0x7f07ae9
                0x07f030b7                lld_data_tx_check = 0x7f030b7
                0x07f07ba7                lld_data_tx_loop = 0x7f07ba7
                0x07f07bd5                lld_data_tx_push = 0x7f07bd5
                0x07f030ab                lld_data_tx_prog = 0x7f030ab
                0x07f07d4d                lld_data_tx_flush = 0x7f07d4d
                0x07f07e5d                lld_evt_drift_compute = 0x7f07e5d
                0x07f07f3b                lld_evt_elt_delete = 0x7f07f3b
                0x07f08535                lld_evt_deffered_elt_handler = 0x7f08535
                0x07f08609                lld_evt_init = 0x7f08609
                0x07f0867d                lld_evt_init_evt = 0x7f0867d
                0x07f0869b                lld_evt_elt_insert = 0x7f0869b
                0x07f086c5                lld_evt_conhdl2elt = 0x7f086c5
                0x07f086e1                lld_evt_schedule_next = 0x7f086e1
                0x07f087e5                lld_evt_schedule = 0x7f087e5
                0x07f08821                lld_evt_prevent_stop = 0x7f08821
                0x07f08823                lld_evt_canceled = 0x7f08823
                0x07f08847                lld_evt_scan_create = 0x7f08847
                0x07f08939                lld_evt_move_to_master = 0x7f08939
                0x07f08a33                lld_evt_update_create = 0x7f08a33
                0x07f08b69                lld_evt_ch_map_update_req = 0x7f08b69
                0x07f08b81                lld_evt_move_to_slave = 0x7f08b81
                0x07f08db1                lld_evt_slave_update = 0x7f08db1
                0x07f08e47                lld_evt_adv_create = 0x7f08e47
                0x07f08ecb                lld_evt_end = 0x7f08ecb
                0x07f08fd9                lld_evt_rx = 0x7f08fd9
                0x07f09009                lld_evt_timer_isr = 0x7f09009
                0x07f09013                lld_evt_end_isr = 0x7f09013
                0x07f09047                lld_evt_rx_isr = 0x7f09047
                0x07f09269                lld_sleep_init_func = 0x7f09269
                0x07f09313                lld_sleep_enter = 0x7f09313
                0x07f09353                lld_sleep_wakeup = 0x7f09353
                0x07f0936d                lld_sleep_wakeup_end = 0x7f0936d
                0x07f09391                lld_wlcoex_connection_complete = 0x7f09391
                0x07f093a9                lld_wlcoex_remove_connection = 0x7f093a9
                0x07f093bd                lld_wlcoex_set = 0x7f093bd
                0x07f093d1                lld_util_get_bd_address = 0x7f093d1
                0x07f093f1                lld_util_set_bd_address = 0x7f093f1
                0x07f0942d                lld_util_freq2chnl = 0x7f0942d
                0x07f0944f                lld_util_get_local_offset = 0x7f0944f
                0x07f09469                lld_util_get_peer_offset = 0x7f09469
                0x07f09485                lld_util_connection_param_set = 0x7f09485
                0x07f094d5                llm_wl_clr = 0x7f094d5
                0x07f094fd                llm_init = 0x7f094fd
                0x07f09701                llm_common_cmd_complete_send = 0x7f09701
                0x07f09719                llm_ble_ready = 0x7f09719
                0x07f0971f                llm_wl_from_rl_restore = 0x7f0971f
                0x07f0978d                llm_con_req_ind = 0x7f0978d
                0x07f09987                llm_resolv_addr = 0x7f09987
                0x07f099cf                llm_util_rl_wl_update = 0x7f099cf
                0x07f09a09                llm_alter_conn = 0x7f09a09
                0x07f09aa3                llm_adv_report_set = 0x7f09aa3
                0x07f09b1d                llm_direct_adv_report_set = 0x7f09b1d
                0x07f09b5f                llm_encryption_start = 0x7f09b5f
                0x07f09be3                llm_resolv_addr_inplace = 0x7f09be3
                0x07f09c8f                llm_le_adv_report_ind_func = 0x7f09c8f
                0x07f0a14b                llm_con_req_tx_cfm = 0x7f0a14b
                0x07f0a227                llm_common_cmd_status_send = 0x7f0a227
                0x07f0a23f                llm_test_mode_start_tx = 0x7f0a23f
                0x07f0a31d                llm_test_mode_start_rx = 0x7f0a31d
                0x07f0a35d                llm_gen_rand_addr = 0x7f0a35d
                0x07f0a417                llm_set_adv_param = 0x7f0a417
                0x07f0a697                llm_set_adv_en = 0x7f0a697
                0x07f0a7c1                llm_set_adv_data = 0x7f0a7c1
                0x07f0a859                llm_set_scan_rsp_data = 0x7f0a859
                0x07f0a8ff                llm_set_scan_param = 0x7f0a8ff
                0x07f0aa27                llm_set_scan_en = 0x7f0aa27
                0x07f0aae9                llm_wl_dev_add = 0x7f0aae9
                0x07f0ab9b                llm_wl_dev_rem = 0x7f0ab9b
                0x07f0abeb                llm_wl_from_rl = 0x7f0abeb
                0x07f0acf3                llm_create_con = 0x7f0acf3
                0x07f0af8d                llm_encryption_done_func = 0x7f0af8d
                0x07f0b253                llm_get_chnl_assess_nb_pkt = 0x7f0b253
                0x07f0b259                llm_get_chnl_assess_nb_bad_pkt = 0x7f0b259
                0x07f0b25f                llm_get_min_rssi = 0x7f0b25f
                0x07f0b269                llm_le_scan_report_ind = 0x7f0b269
                0x07f0b2d3                llm_set_tx_oct_time = 0x7f0b2d3
                0x07f0b2fb                llm_p256_start_func = 0x7f0b2fb
                0x07f0bb5f                hci_rd_local_supp_feats_cmd_handler_func = 0x7f0bb5f
                0x07f0c389                llm_util_bd_addr_in_wl = 0x7f0c389
                0x07f0c401                llm_util_check_address_validity = 0x7f0c401
                0x07f0c411                llm_util_check_map_validity = 0x7f0c411
                0x07f0c457                llm_util_apply_bd_addr = 0x7f0c457
                0x07f0c46f                llm_util_set_public_addr = 0x7f0c46f
                0x07f0c47d                llm_util_check_evt_mask = 0x7f0c47d
                0x07f0c49f                llm_util_get_channel_map = 0x7f0c49f
                0x07f0c4ad                llm_util_get_supp_features = 0x7f0c4ad
                0x07f0c4b9                llm_util_adv_data_update = 0x7f0c4b9
                0x07f0c4dd                llm_util_bl_check = 0x7f0c4dd
                0x07f0c51f                llm_util_bl_add = 0x7f0c51f
                0x07f0c575                llm_util_bl_rem = 0x7f0c575
                0x07f0c5c5                llm_util_rl_check = 0x7f0c5c5
                0x07f0c5fb                llm_util_rl_add = 0x7f0c5fb
                0x07f0c677                llm_util_rl_rem = 0x7f0c677
                0x07f0c69d                llm_util_rl_peer_find = 0x7f0c69d
                0x07f0c6c9                llm_util_rl_peer_resolv = 0x7f0c6c9
                0x07f0c71b                llm_util_rl_rpa_find = 0x7f0c71b
                0x07f0c7a3                ecc_write_data_m = 0x7f0c7a3
                0x07f0c7bb                ecc_read_data_m = 0x7f0c7bb
                0x07f0c7d3                ecc_set_ptr = 0x7f0c7d3
                0x07f0c7e1                ecc_start = 0x7f0c7e1
                0x07f0c7ef                ecc_check_status = 0x7f0c7ef
                0x07f0c80f                PK_PointMult_func = 0x7f0c80f
                0x07f0c8c5                ea_time_get_slot_rounded = 0x7f0c8c5
                0x07f0c989                ea_init = 0x7f0c989
                0x07f0c9dd                ea_elt_create = 0x7f0c9dd
                0x07f0c9f7                ea_time_get_halfslot_rounded = 0x7f0c9f7
                0x07f0ca21                ea_elt_insert = 0x7f0ca21
                0x07f0cc65                ea_elt_remove = 0x7f0cc65
                0x07f0ccef                ea_elt_delete = 0x7f0ccef
                0x07f0cd09                ea_interval_create = 0x7f0cd09
                0x07f0cd1f                ea_interval_insert = 0x7f0cd1f
                0x07f0cd2b                ea_interval_delete = 0x7f0cd2b
                0x07f0cd43                ea_finetimer_isr = 0x7f0cd43
                0x07f0ce17                ea_sw_isr = 0x7f0ce17
                0x07f0ce37                ea_offset_req = 0x7f0ce37
                0x07f0cff3                ea_sleep_check = 0x7f0cff3
                0x07f0d049                ea_interval_duration_req = 0x7f0d049
                0x07f0d167                flash_identify = 0x7f0d167
                0x07f0d1b5                flash_init = 0x7f0d1b5
                0x07f0d1f1                flash_erase = 0x7f0d1f1
                0x07f0d255                flash_write = 0x7f0d255
                0x07f0d2b9                flash_read = 0x7f0d2b9
                0x07f0d347                uart_init_func = 0x7f0d347
                0x07f0d391                uart_flow_on_func = 0x7f0d391
                0x07f0d399                uart_flow_off_func = 0x7f0d399
                0x07f0d3e9                uart_finish_transfers_func = 0x7f0d3e9
                0x07f0d401                uart_read_func = 0x7f0d401
                0x07f0d417                uart_write_func = 0x7f0d417
                0x07f0d439                UART_Handler_func = 0x7f0d439
                0x07f0d48b                uart_set_flow_off_retries_limit = 0x7f0d48b
                0x07f0d4e5                ba431_get_instance_address = 0x7f0d4e5
                0x07f0d4f9                ba431_wait_fifo_level = 0x7f0d4f9
                0x07f0d519                ba431_read_fifo = 0x7f0d519
                0x07f0d547                ba431_get_rand = 0x7f0d547
                0x07f0d5cd                gtl_init_func = 0x7f0d5cd
                0x07f0d5f5                gtl_enter_sleep = 0x7f0d5f5
                0x07f0d61f                gtl_exit_sleep = 0x7f0d61f
                0x07f0d627                gtl_send_msg = 0x7f0d627
                0x07f0d6ad                gtl_eif_read_start_func = 0x7f0d6ad
                0x07f0d6cd                gtl_eif_read_hdr_func = 0x7f0d6cd
                0x07f0d6ed                gtl_eif_read_payl_func = 0x7f0d6ed
                0x07f0d72b                gtl_eif_tx_done_func = 0x7f0d72b
                0x07f0d73b                gtl_eif_rx_done_func = 0x7f0d73b
                0x07f0d86d                gtl_eif_init_func = 0x7f0d86d
                0x07f0d887                gtl_eif_write = 0x7f0d887
                0x07f0d8a9                gtl_eif_start = 0x7f0d8a9
                0x07f0d8b3                gtl_eif_stop = 0x7f0d8b3
                0x07f0d8cf                gtl_env_curr_msg_type_set = 0x7f0d8cf
                0x07f0dbb1                hci_tl_send = 0x7f0dbb1
                0x07f0dbf9                hci_tl_init = 0x7f0dbf9
                0x07f0dc1d                hci_cmd_get_max_param_size = 0x7f0dc1d
                0x07f0dc67                hci_cmd_received = 0x7f0dc67
                0x07f0dda3                hci_acl_tx_data_alloc = 0x7f0dda3
                0x07f0de29                hci_acl_tx_data_received = 0x7f0de29
                0x07f0def1                hci_acl_rx_data_alloc = 0x7f0def1
                0x07f0defd                hci_acl_rx_data_received = 0x7f0defd
                0x07f0df33                hci_evt_received = 0x7f0df33
                0x07f0e0df                hci_tl_env_tx_queue_cnt_get = 0x7f0e0df
                0x07f0e1fd                hci_util_pack = 0x7f0e1fd
                0x07f0e2fd                hci_util_unpack = 0x7f0e2fd
                0x07f0e7d1                hci_look_for_cmd_desc = 0x7f0e7d1
                0x07f0e81d                hci_look_for_evt_desc = 0x7f0e81d
                0x07f0e841                hci_look_for_le_evt_desc = 0x7f0e841
                0x07f0e869                hci_evt_mask_set = 0x7f0e869
                0x07f0e8b1                hci_init = 0x7f0e8b1
                0x07f0e8cd                hci_reset = 0x7f0e8cd
                0x07f0e8e5                hci_send_2_host = 0x7f0e8e5
                0x07f0e9cf                hci_send_2_controller = 0x7f0e9cf
                0x07f0eaa9                h4tl_read_start_func = 0x7f0eaa9
                0x07f0eac7                h4tl_read_hdr_func = 0x7f0eac7
                0x07f0eae3                h4tl_read_payl_func = 0x7f0eae3
                0x07f0eafd                h4tl_read_next_out_of_sync_func = 0x7f0eafd
                0x07f0eb11                h4tl_out_of_sync_func = 0x7f0eb11
                0x07f0eb37                h4tl_out_of_sync_check = 0x7f0eb37
                0x07f0eb93                h4tl_tx_done_func = 0x7f0eb93
                0x07f0eba7                h4tl_rx_done_func = 0x7f0eba7
                0x07f0eccb                h4tl_init_func = 0x7f0eccb
                0x07f0ece7                h4tl_write = 0x7f0ece7
                0x07f0ed0f                h4tl_start = 0x7f0ed0f
                0x07f0ed17                h4tl_stop = 0x7f0ed17
                0x07f0ed2b                h4tl_env_rx_type_set = 0x7f0ed2b
                0x07f0ed37                h4tl_env_hdr_set = 0x7f0ed37
                0x07f0ed75                attc_send_att_req = 0x7f0ed75
                0x07f0edb1                attc_allocate_att_req = 0x7f0edb1
                0x07f0edd3                attc_send_hdl_cfm = 0x7f0edd3
                0x07f0ede9                attc_send_execute = 0x7f0ede9
                0x07f0ee03                attc_send_read_ind = 0x7f0ee03
                0x07f0f743                attc_l2cc_pdu_recv_handler_func = 0x7f0f743
                0x07f0f79d                attm_convert_to128 = 0x7f0f79d
                0x07f0f7cd                attm_uuid_comp = 0x7f0f7cd
                0x07f0f825                attm_uuid16_comp = 0x7f0f825
                0x07f0f831                attm_is_bt16_uuid = 0x7f0f831
                0x07f0f857                attm_is_bt32_uuid = 0x7f0f857
                0x07f0fc57                attmdb_add_service = 0x7f0fc57
                0x07f0fcdf                attmdb_destroy = 0x7f0fcdf
                0x07f0fcf9                attmdb_get_service = 0x7f0fcf9
                0x07f0fd37                attmdb_get_attribute = 0x7f0fd37
                0x07f0fd6b                attmdb_get_next_att = 0x7f0fd6b
                0x07f0fdcf                attmdb_uuid16_comp = 0x7f0fdcf
                0x07f0fe0b                attmdb_att_set_value = 0x7f0fe0b
                0x07f0feb7                attmdb_get_max_len = 0x7f0feb7
                0x07f0ff1d                attmdb_get_uuid = 0x7f0ff1d
                0x07f0fff3                attmdb_get_value = 0x7f0fff3
                0x07f10143                attmdb_att_set_permission = 0x7f10143
                0x07f101b7                attmdb_att_update_perm = 0x7f101b7
                0x07f10225                attmdb_svc_get_permission = 0x7f10225
                0x07f10243                attmdb_att_get_permission = 0x7f10243
                0x07f10345                attmdb_svc_set_permission = 0x7f10345
                0x07f10369                attmdb_init = 0x7f10369
                0x07f1037f                attmdb_get_nb_svc = 0x7f1037f
                0x07f10393                attmdb_get_svc_info = 0x7f10393
                0x07f103c7                attm_svc_create_db = 0x7f103c7
                0x07f104d5                attmdb_reserve_handle_range = 0x7f104d5
                0x07f10651                atts_clear_read_cache = 0x7f10651
                0x07f107a5                atts_send_error = 0x7f107a5
                0x07f107c1                atts_write_signed_cfm = 0x7f107c1
                0x07f10801                atts_send_event = 0x7f10801
                0x07f10889                atts_clear_prep_data = 0x7f10889
                0x07f108ad                atts_clear_rsp_data = 0x7f108ad
                0x07f108fd                atts_write_rsp_send = 0x7f108fd
                0x07f11523                atts_l2cc_pdu_recv_handler_func = 0x7f11523
                0x07f11787                gattc_cleanup = 0x7f11787
                0x07f1180b                gattc_init = 0x7f1180b
                0x07f1183d                gattc_update_state = 0x7f1183d
                0x07f11861                gattc_create = 0x7f11861
                0x07f118d5                gattc_con_enable = 0x7f118d5
                0x07f118db                gattc_get_mtu = 0x7f118db
                0x07f118e7                gattc_set_mtu = 0x7f118e7
                0x07f1192d                gattc_get_requester = 0x7f1192d
                0x07f11949                gattc_send_complete_evt = 0x7f11949
                0x07f119a5                gattc_send_error_evt = 0x7f119a5
                0x07f119cb                gattc_get_operation = 0x7f119cb
                0x07f119e1                gattc_get_op_seq_num = 0x7f119e1
                0x07f119f7                gattc_get_operation_ptr = 0x7f119f7
                0x07f11a03                gattc_set_operation_ptr = 0x7f11a03
                0x07f11a0f                gattc_reschedule_operation = 0x7f11a0f
                0x07f12a0d                gattm_svc_get_start_hdl = 0x7f12a0d
                0x07f12a13                gattm_init = 0x7f12a13
                0x07f12a31                gattm_init_attr = 0x7f12a31
                0x07f12a85                gattm_create = 0x7f12a85
                0x07f12a8d                gattm_cleanup = 0x7f12a8d
                0x07f12a95                gattm_get_max_mtu = 0x7f12a95
                0x07f12a9b                gattm_set_max_mtu = 0x7f12a9b
                0x07f12ab7                gattm_get_max_mps = 0x7f12ab7
                0x07f12abd                gattm_set_max_mps = 0x7f12abd
                0x07f12d25                l2cc_cleanup = 0x7f12d25
                0x07f12d69                l2cc_init = 0x7f12d69
                0x07f12d9b                l2cc_create = 0x7f12d9b
                0x07f12dd3                l2cc_update_state = 0x7f12dd3
                0x07f131a5                l2cm_init = 0x7f131a5
                0x07f131b9                l2cm_create = 0x7f131b9
                0x07f131c1                l2cm_cleanup = 0x7f131c1
                0x07f131c9                l2cm_set_link_layer_buff_size = 0x7f131c9
                0x07f131d9                smpc_send_use_enc_block_cmd = 0x7f131d9
                0x07f13211                smpc_send_start_enc_cmd = 0x7f13211
                0x07f1328b                smpc_send_ltk_req_rsp = 0x7f1328b
                0x07f132e7                smpc_send_pairing_req_ind = 0x7f132e7
                0x07f133cb                smpc_send_pairing_ind = 0x7f133cb
                0x07f134db                smpc_check_pairing_feat = 0x7f134db
                0x07f134f5                smpc_launch_rep_att_timer = 0x7f134f5
                0x07f13531                smpc_check_repeated_attempts = 0x7f13531
                0x07f13593                smpc_check_max_key_size = 0x7f13593
                0x07f135bb                smpc_check_key_distrib = 0x7f135bb
                0x07f13619                smpc_xor = 0x7f13619
                0x07f1362f                smpc_generate_l = 0x7f1362f
                0x07f1367d                smpc_generate_ci = 0x7f1367d
                0x07f136e1                smpc_generate_rand = 0x7f136e1
                0x07f13707                smpc_generate_e1 = 0x7f13707
                0x07f137c1                smpc_generate_cfm = 0x7f137c1
                0x07f1383b                smpc_generate_stk = 0x7f1383b
                0x07f13891                smpc_calc_subkeys = 0x7f13891
                0x07f13907                smpc_clear_timeout_timer = 0x7f13907
                0x07f13931                smpc_pairing_end = 0x7f13931
                0x07f1398f                smpc_tkdp_rcp_continue = 0x7f1398f
                0x07f139ef                smpc_tkdp_rcp_start = 0x7f139ef
                0x07f13a4f                smpc_pdu_send = 0x7f13a4f
                0x07f13aed                smpc_tkdp_send_start = 0x7f13aed
                0x07f13b6d                smpc_tkdp_send_continue = 0x7f13b6d
                0x07f13be9                smpc_get_key_sec_prop = 0x7f13be9
                0x07f13cb5                smpc_is_sec_mode_reached = 0x7f13cb5
                0x07f13cdf                smpc_handle_enc_change_evt = 0x7f13cdf
                0x07f13d95                smpc_pdu_recv_func = 0x7f13d95
                0x07f13deb                smpc_generate_subkey = 0x7f13deb
                0x07f13e1f                leftshift_onebit = 0x7f13e1f
                0x07f13e55                padding = 0x7f13e55
                0x07f13e79                smpc_generate_subkey_P2 = 0x7f13e79
                0x07f13f1d                AES_CMAC_block = 0x7f13f1d
                0x07f13fdd                smpc_generate_f4 = 0x7f13fdd
                0x07f140f1                smpc_generate_g2 = 0x7f140f1
                0x07f1419b                smpc_generate_f5 = 0x7f1419b
                0x07f141b3                smpc_generate_f5_T = 0x7f141b3
                0x07f141f9                smpc_generate_f5_P2 = 0x7f141f9
                0x07f143f3                smpc_generate_f6 = 0x7f143f3
                0x07f1458d                smpm_send_encrypt_req = 0x7f1458d
                0x07f145bb                smpm_send_gen_rand_nb_req = 0x7f145bb
                0x07f145d1                smpm_check_addr_type = 0x7f145d1
                0x07f1463d                gapc_update_state = 0x7f1463d
                0x07f1466d                gapc_get_requester = 0x7f1466d
                0x07f14689                gapc_send_complete_evt = 0x7f14689
                0x07f147b3                gapc_init = 0x7f147b3
                0x07f147e5                gapc_con_create = 0x7f147e5
                0x07f1489f                gapc_con_create_enh = 0x7f1489f
                0x07f14999                gapc_con_cleanup = 0x7f14999
                0x07f149a9                gapc_send_disconect_ind = 0x7f149a9
                0x07f149cb                gapc_get_conidx = 0x7f149cb
                0x07f14a05                gapc_get_conhdl = 0x7f14a05
                0x07f14a1d                gapc_get_role = 0x7f14a1d
                0x07f14a39                gapc_get_bdaddr = 0x7f14a39
                0x07f14a59                gapc_get_csrk = 0x7f14a59
                0x07f14a77                gapc_get_sign_counter = 0x7f14a77
                0x07f14a95                gapc_send_error_evt = 0x7f14a95
                0x07f14ab7                gapc_get_operation = 0x7f14ab7
                0x07f14acd                gapc_get_operation_ptr = 0x7f14acd
                0x07f14ad9                gapc_set_operation_ptr = 0x7f14ad9
                0x07f14ae5                gapc_reschedule_operation = 0x7f14ae5
                0x07f14b15                gapc_is_sec_set = 0x7f14b15
                0x07f14b89                gapc_get_enc_keysize = 0x7f14b89
                0x07f14ba1                gapc_set_enc_keysize = 0x7f14ba1
                0x07f14bb5                gapc_link_encrypted = 0x7f14bb5
                0x07f14bcf                gapc_auth_set = 0x7f14bcf
                0x07f14bef                gapc_svc_chg_ccc_get = 0x7f14bef
                0x07f14bff                gapc_svc_chg_ccc_set = 0x7f14bff
                0x07f14c15                gapc_check_lecb_sec_perm = 0x7f14c15
                0x07f14c7d                gapc_search_lecb_channel = 0x7f14c7d
                0x07f14cb7                gapc_lecnx_check_tx = 0x7f14cb7
                0x07f14cff                gapc_lecnx_check_rx = 0x7f14cff
                0x07f14d43                gapc_lecnx_get_field = 0x7f14d43
                0x07f14db9                gapc_process_op = 0x7f14db9
                0x07f14f33                gapc_param_update_sanity = 0x7f14f33
                0x07f14f5b                gapc_param_cb_con_sanity = 0x7f14f5b
                0x07f153dd                l2cc_pdu_recv_ind_handler_func = 0x7f153dd
                0x07f162ed                gapc_lecb_connect_cfm_handler_func = 0x7f162ed
                0x07f166bf                gapm_init = 0x7f166bf
                0x07f1671b                gapm_init_attr = 0x7f1671b
                0x07f16747                gapm_get_operation = 0x7f16747
                0x07f16759                gapm_get_requester = 0x7f16759
                0x07f16771                gapm_reschedule_operation = 0x7f16771
                0x07f16793                gapm_send_complete_evt = 0x7f16793
                0x07f167c9                gapm_send_error_evt = 0x7f167c9
                0x07f167e9                gapm_con_create = 0x7f167e9
                0x07f1686d                gapm_con_enable = 0x7f1686d
                0x07f16879                gapm_con_cleanup = 0x7f16879
                0x07f168a9                gapm_get_id_from_task = 0x7f168a9
                0x07f168e9                gapm_get_task_from_id = 0x7f168e9
                0x07f16925                gapm_is_disc_connection = 0x7f16925
                0x07f176c5                gapm_adv_sanity = 0x7f176c5
                0x07f177ab                gapm_adv_op_sanity = 0x7f177ab
                0x07f17929                gapm_set_adv_mode = 0x7f17929
                0x07f17943                gapm_set_adv_data = 0x7f17943
                0x07f17993                gapm_execute_adv_op = 0x7f17993
                0x07f17acf                gapm_scan_op_sanity = 0x7f17acf
                0x07f17bd7                gapm_set_scan_mode = 0x7f17bd7
                0x07f17bf5                gapm_execute_scan_op = 0x7f17bf5
                0x07f17caf                gapm_connect_op_sanity = 0x7f17caf
                0x07f17e17                gapm_basic_hci_cmd_send = 0x7f17e17
                0x07f17e2b                gapm_execute_connect_op = 0x7f17e2b
                0x07f17fe7                gapm_get_role = 0x7f17fe7
                0x07f17fed                gapm_get_ad_type_flag = 0x7f17fed
                0x07f18013                gapm_add_to_filter = 0x7f18013
                0x07f18095                gapm_is_filtered = 0x7f18095
                0x07f180fb                gapm_update_air_op_state = 0x7f180fb
                0x07f181c5                gapm_get_irk = 0x7f181c5
                0x07f181cb                gapm_get_bdaddr = 0x7f181cb
                0x07f186b1                l2cc_pdu_unpack_func = 0x7f186b1
                0x07f189b1                l2cc_detect_dest = 0x7f189b1
                0x07f18a0d                l2c_process_sdu_func = 0x7f18a0d
                0x07f18b07                l2c_send_lecb_message_func = 0x7f18b07
                0x07f18c01                smpc_check_param_func = 0x7f18c01
                0x07f19803                gapc_hci_handler = 0x7f19803
                0x07f1a437                gapm_hci_handler = 0x7f1a437
                0x07f1a4c5                smpc_pairing_start = 0x7f1a4c5
                0x07f1a54b                smpc_pairing_tk_exch = 0x7f1a54b
                0x07f1a609                smpc_pairing_ltk_exch = 0x7f1a609
                0x07f1a65d                smpc_pairing_csrk_exch = 0x7f1a65d
                0x07f1a6b3                smpc_public_key_exchange_start = 0x7f1a6b3
                0x07f1a6d7                smpc_pairing_rsp = 0x7f1a6d7
                0x07f1a7bb                smpc_pairing_req_handler = 0x7f1a7bb
                0x07f1a7f3                smpc_security_req_send = 0x7f1a7f3
                0x07f1a81d                smpc_encrypt_start = 0x7f1a81d
                0x07f1a843                smpc_encrypt_start_handler = 0x7f1a843
                0x07f1a875                smpc_encrypt_cfm = 0x7f1a875
                0x07f1a8a1                smpc_sign_command = 0x7f1a8a1
                0x07f1a97d                smpc_sign_cont = 0x7f1a97d
                0x07f1ab23                smpc_calc_confirm_cont = 0x7f1ab23
                0x07f1b065                smpc_confirm_gen_rand = 0x7f1b065
                0x07f1b12b                smpc_dhkey_calc_start = 0x7f1b12b
                0x07f1b179                smpc_sec_authentication_start = 0x7f1b179
                0x07f1b1a7                smpc_dhkey_calc_ind = 0x7f1b1a7
                0x07f1b1e1                smpm_gen_rand_addr = 0x7f1b1e1
                0x07f1b1f9                smpm_resolv_addr = 0x7f1b1f9
                0x07f1b21b                smpm_use_enc_block = 0x7f1b21b
                0x07f1b223                smpm_gen_rand_nb = 0x7f1b223
                0x07f1b22b                smpm_ecdh_key_create = 0x7f1b22b
                0x07f1b249                ke_init = 0x7f1b249
                0x07f1b27b                ke_flush = 0x7f1b27b
                0x07f1b2bb                ke_sleep_check = 0x7f1b2bb
                0x07f1b2cd                ke_stats_get = 0x7f1b2cd
                0x07f1b2e9                ke_event_init = 0x7f1b2e9
                0x07f1b2f5                ke_event_callback_set = 0x7f1b2f5
                0x07f1b309                ke_event_set = 0x7f1b309
                0x07f1b335                ke_event_clear = 0x7f1b335
                0x07f1b361                ke_event_get = 0x7f1b361
                0x07f1b387                ke_event_get_all = 0x7f1b387
                0x07f1b38d                ke_event_flush = 0x7f1b38d
                0x07f1b395                ke_event_schedule = 0x7f1b395
                0x07f1b3e5                ke_mem_init = 0x7f1b3e5
                0x07f1b431                ke_mem_is_empty = 0x7f1b431
                0x07f1b471                ke_check_malloc = 0x7f1b471
                0x07f1b501                ke_malloc = 0x7f1b501
                0x07f1b5f7                ke_free = 0x7f1b5f7
                0x07f1b6d9                ke_is_free = 0x7f1b6d9
                0x07f1b6eb                ke_get_mem_usage = 0x7f1b6eb
                0x07f1b6f7                ke_get_max_mem_usage = 0x7f1b6f7
                0x07f1b71d                ke_msg_alloc = 0x7f1b71d
                0x07f1b74f                ke_msg_send = 0x7f1b74f
                0x07f1b77b                ke_msg_send_basic = 0x7f1b77b
                0x07f1b789                ke_msg_forward = 0x7f1b789
                0x07f1b793                ke_msg_forward_new_id = 0x7f1b793
                0x07f1b7a3                ke_msg_free = 0x7f1b7a3
                0x07f1b7ab                ke_msg_dest_id_get = 0x7f1b7ab
                0x07f1b7b1                ke_msg_src_id_get = 0x7f1b7b1
                0x07f1b7b7                ke_msg_in_queue = 0x7f1b7b7
                0x07f1b7c9                ke_queue_extract = 0x7f1b7c9
                0x07f1b819                ke_queue_insert = 0x7f1b819
                0x07f1b975                ke_task_init_func = 0x7f1b975
                0x07f1b989                ke_task_create = 0x7f1b989
                0x07f1b9c1                ke_task_delete = 0x7f1b9c1
                0x07f1b9ed                ke_state_set = 0x7f1b9ed
                0x07f1ba51                ke_state_get = 0x7f1ba51
                0x07f1ba6f                ke_msg_discard = 0x7f1ba6f
                0x07f1ba73                ke_msg_save = 0x7f1ba73
                0x07f1ba77                ke_task_msg_flush = 0x7f1ba77
                0x07f1bb79                ke_timer_init_func = 0x7f1bb79
                0x07f1bb85                ke_timer_set = 0x7f1bb85
                0x07f1bc19                ke_timer_clear = 0x7f1bc19
                0x07f1bc6f                ke_timer_active = 0x7f1bc6f
                0x07f1bc95                ke_timer_sleep_check = 0x7f1bc95
                0x07f1bdbb                rwble_hl_reset = 0x7f1bdbb
                0x07f1bddd                rwble_hl_send_message = 0x7f1bddd
                0x07f1bde1                rwip_check_wakeup_boundary = 0x7f1bde1
                0x07f1be07                rwip_init = 0x7f1be07
                0x07f1becb                rwip_reset = 0x7f1becb
                0x07f1bf03                rwip_version = 0x7f1bf03
                0x07f1bf0b                rwip_schedule = 0x7f1bf0b
                0x07f1bf1b                rwip_sleep = 0x7f1bf1b
                0x07f1bfaf                rwip_prevent_sleep_set = 0x7f1bfaf
                0x07f1bfd1                rwip_wakeup = 0x7f1bfd1
                0x07f1bfe7                rwip_prevent_sleep_clear = 0x7f1bfe7
                0x07f1c009                rwip_wakeup_end = 0x7f1c009
                0x07f1c025                rwip_wakeup_delay_set = 0x7f1c025
                0x07f1c033                rwip_sleep_enable = 0x7f1c033
                0x07f1c039                rwip_ext_wakeup_enable = 0x7f1c039
                0x07f1c05d                rwble_init = 0x7f1c05d
                0x07f1c0c3                rwble_reset = 0x7f1c0c3
                0x07f1c0f7                rwble_version = 0x7f1c0f7
                0x07f1c121                rwble_send_message = 0x7f1c121
                0x07f1c209                __aeabi_uidiv = 0x7f1c209
                0x07f1c209                __aeabi_uidivmod = 0x7f1c209
                0x07f1c235                __aeabi_idiv = 0x7f1c235
                0x07f1c235                __aeabi_idivmod = 0x7f1c235
                0x07f1c25d                rand = 0x7f1c25d
                0x07f1c26f                srand = 0x7f1c26f
                0x07f1c281                __aeabi_memcpy = 0x7f1c281
                0x07f1c281                __aeabi_memcpy4 = 0x7f1c281
                0x07f1c281                __aeabi_memcpy8 = 0x7f1c281
                0x07f1c2a5                __aeabi_memset = 0x7f1c2a5
                0x07f1c2a5                __aeabi_memset4 = 0x7f1c2a5
                0x07f1c2a5                __aeabi_memset8 = 0x7f1c2a5
                0x07f1c2b3                __aeabi_memclr = 0x7f1c2b3
                0x07f1c2b3                __aeabi_memclr4 = 0x7f1c2b3
                0x07f1c2b3                __aeabi_memclr8 = 0x7f1c2b3
                0x07f1c2b7                _memset$wrapper = 0x7f1c2b7
                0x07f1c2c9                memcmp = 0x7f1c2c9
                0x07f1c2e3                __aeabi_uread4 = 0x7f1c2e3
                0x07f1c2e3                __rt_uread4 = 0x7f1c2e3
                0x07f1c2e3                _uread4 = 0x7f1c2e3
                0x07f1c2f7                __aeabi_uwrite4 = 0x7f1c2f7
                0x07f1c2f7                __rt_uwrite4 = 0x7f1c2f7
                0x07f1c2f7                _uwrite4 = 0x7f1c2f7
                0x07f1c309                __ARM_common_switch8 = 0x7f1c309
                0x07f1c324                uart_api = 0x7f1c324
                0x07f1c334                co_sca2ppm = 0x7f1c334
                0x07f1c344                co_null_bdaddr = 0x7f1c344
                0x07f1c34a                co_default_bdaddr = 0x7f1c34a
                0x07f1c5d0                llc_state_handler = 0x7f1c5d0
                0x07f1c6a0                llc_default_handler = 0x7f1c6a0
                0x07f1c6d0                llm_local_cmds = 0x7f1c6d0
                0x07f1c710                llm_local_le_feats = 0x7f1c710